C:\Users\spenz\Documents\MCUXpressoIDE_11.10.0_3148\workspace\LPC55S69_Project_attempt\device/LPC55S69_cm33_core0.h:31241:24:Chip_GetVersion	0	static
../board/pin_mux.c:64:6:BOARD_InitDEBUG_UARTPins	0	static
../board/pin_mux.c:38:6:BOARD_InitBootPins	0	static
../board/pin_mux.c:123:6:BOARD_InitSWD_DEBUGPins	8	static
../board/pin_mux.c:256:6:BOARD_InitUSBPins	0	static
../board/pin_mux.c:360:6:BOARD_InitLEDsPins	32	static
../board/pin_mux.c:459:6:BOARD_InitBUTTONsPins	24	static
../board/pin_mux.c:596:6:BOARD_InitI2SPins	0	static
../board/pin_mux.c:762:6:BOARD_InitACCELPins	16	static
