../drivers/fsl_clock.c:1100:17:findPll0PreDiv	0	static
../drivers/fsl_clock.c:104:6:CLOCK_AttachClk	0	static
../drivers/fsl_clock.c:150:19:CLOCK_GetClockAttachId	8	static
../drivers/fsl_clock.c:200:6:CLOCK_SetClkDiv	0	static
../drivers/fsl_clock.c:234:6:CLOCK_SetRtc1khzClkDiv	0	static
../drivers/fsl_clock.c:245:6:CLOCK_SetRtc1hzClkDiv	0	static
../drivers/fsl_clock.c:266:10:CLOCK_SetupFROClocking	0	static
../drivers/fsl_clock.c:300:6:CLOCK_SetFLASHAccessCyclesForFreq	0	static
../drivers/fsl_clock.c:403:10:CLOCK_SetupExtClocking	0	static
../drivers/fsl_clock.c:430:10:CLOCK_SetupI2SMClkClocking	0	static
../drivers/fsl_clock.c:442:10:CLOCK_SetupPLUClkInClocking	0	static
../drivers/fsl_clock.c:566:10:CLOCK_GetUsb1ClkFreq	0	static
../drivers/fsl_clock.c:673:10:CLOCK_GetFro12MFreq	0	static
../drivers/fsl_clock.c:682:10:CLOCK_GetFro1MFreq	0	static
../drivers/fsl_clock.c:691:10:CLOCK_GetExtClkFreq	0	static
../drivers/fsl_clock.c:700:10:CLOCK_GetWdtClkFreq	8	static
../drivers/fsl_clock.c:709:10:CLOCK_GetFroHfFreq	0	static
../drivers/fsl_clock.c:575:10:CLOCK_GetMclkClkFreq	8	static
../drivers/fsl_clock.c:718:10:CLOCK_GetPll0OutFreq	0	static
../drivers/fsl_clock.c:727:10:CLOCK_GetPll1OutFreq	0	static
../drivers/fsl_clock.c:736:10:CLOCK_GetOsc32KFreq	0	static
../drivers/fsl_clock.c:751:10:CLOCK_GetCoreSysClkFreq	0	static
../drivers/fsl_clock.c:452:10:CLOCK_GetClockOutClkFreq	8	static
../drivers/fsl_clock.c:501:10:CLOCK_GetAdcClkFreq	8	static
../drivers/fsl_clock.c:532:10:CLOCK_GetUsb0ClkFreq	8	static
../drivers/fsl_clock.c:640:10:CLOCK_GetSdioClkFreq	8	static
../drivers/fsl_clock.c:603:10:CLOCK_GetSctClkFreq	8	static
../drivers/fsl_clock.c:802:10:CLOCK_GetI2SMClkFreq	0	static
../drivers/fsl_clock.c:811:10:CLOCK_GetPLUClkInFreq	0	static
../drivers/fsl_clock.c:821:10:CLOCK_GetFlexCommInputClock	8	static
../drivers/fsl_clock.c:861:10:CLOCK_GetFlexCommClkFreq	8	static
../drivers/fsl_clock.c:874:10:CLOCK_GetHsLspiClkFreq	8	static
../drivers/fsl_clock.c:914:10:CLOCK_GetCTimerClkFreq	0	static
../drivers/fsl_clock.c:954:10:CLOCK_GetSystickClkFreq	8	static
../drivers/fsl_clock.c:991:10:CLOCK_SetFlexCommClock	16	static
../drivers/fsl_clock.c:1013:10:CLOCK_GetFreq	8	static
../drivers/fsl_clock.c:1431:10:CLOCK_GetPLL0InClockRate	0	static
../drivers/fsl_clock.c:1462:10:CLOCK_GetPLL1InClockRate	0	static
../drivers/fsl_clock.c:1497:10:CLOCK_GetPLL0OutFromSetup	16	static
../drivers/fsl_clock.c:1528:6:CLOCK_SetStoredPLL0ClockRate	0	static
../drivers/fsl_clock.c:1541:10:CLOCK_GetPLL0OutClockRate	40	static
../drivers/fsl_clock.c:1570:13:CLOCK_SetupPLL0Data	56	static
../drivers/fsl_clock.c:1613:13:CLOCK_SetupPLL0Prec	24	static
../drivers/fsl_clock.c:1696:13:CLOCK_SetPLL0Freq	24	static
../drivers/fsl_clock.c:1771:13:CLOCK_SetPLL1Freq	24	static
../drivers/fsl_clock.c:1834:6:CLOCK_SetupPLL0Mult	8	static
../drivers/fsl_clock.c:1898:6:CLOCK_EnableUsbfs0DeviceClock	48	static
../drivers/fsl_clock.c:1961:6:CLOCK_EnableUsbfs0HostClock	48	static
../drivers/fsl_clock.c:2020:6:CLOCK_EnableUsbhs0PhyPllClock	8	static
../drivers/fsl_clock.c:2107:6:CLOCK_EnableUsbhs0DeviceClock	0	static
../drivers/fsl_clock.c:2119:6:CLOCK_EnableUsbhs0HostClock	0	static
../drivers/fsl_clock.c:2134:6:CLOCK_EnableOstimer32kClock	0	static
