../drivers/fsl_pint.c:70:17:PINT_GetInstance	0	static
C:\Users\spenz\Documents\MCUXpressoIDE_11.10.0_3148\workspace\LPC55S69_Project_attempt\CMSIS/core_cm33.h:2481:22:__NVIC_ClearPendingIRQ	0	static
../drivers/fsl_common_arm.h:614:24:DisableIRQ.isra	0	static
../drivers/fsl_common_arm.h:570:24:EnableIRQ.isra	0	static
../drivers/fsl_pint.c:95:6:PINT_Init	16	static
../drivers/fsl_pint.c:203:6:PINT_PinInterruptConfig	16	static
../drivers/fsl_pint.c:261:6:PINT_PinInterruptGetConfig	24	static
../drivers/fsl_pint.c:340:6:PINT_PatternMatchConfig	24	static
../drivers/fsl_pint.c:406:6:PINT_PatternMatchGetConfig	16	static
../drivers/fsl_pint.c:459:10:PINT_PatternMatchResetDetectLogic	0	static
../drivers/fsl_pint.c:486:6:PINT_PinInterruptClrStatus	0	static
../drivers/fsl_pint.c:507:6:PINT_PinInterruptClrStatusAll	24	static
../drivers/fsl_pint.c:552:6:PINT_EnableCallback	24	static
../drivers/fsl_pint.c:600:6:PINT_EnableCallbackByIndex	16	static
../drivers/fsl_pint.c:634:6:PINT_DisableCallback	24	static
../drivers/fsl_pint.c:682:6:PINT_DisableCallbackByIndex	16	static
../drivers/fsl_pint.c:719:6:PINT_Deinit	8	static
../drivers/fsl_pint.c:792:6:SEC_GPIO_INT0_IRQ0_DriverIRQHandler	8	static
../drivers/fsl_pint.c:815:6:SEC_GPIO_INT0_IRQ1_DriverIRQHandler	8	static
../drivers/fsl_pint.c:838:6:PINT0_DriverIRQHandler	24	static
../drivers/fsl_pint.c:867:6:PIN_INT0_DriverIRQHandler	8	static
../drivers/fsl_pint.c:888:6:PIN_INT1_DriverIRQHandler	8	static
../drivers/fsl_pint.c:910:6:PIN_INT2_DriverIRQHandler	8	static
../drivers/fsl_pint.c:932:6:PIN_INT3_DriverIRQHandler	8	static
../drivers/fsl_pint.c:954:6:PIN_INT4_DriverIRQHandler	8	static
../drivers/fsl_pint.c:980:6:PIN_INT5_DriverIRQHandler	8	static
../drivers/fsl_pint.c:1007:6:PIN_INT6_DriverIRQHandler	8	static
../drivers/fsl_pint.c:1034:6:PIN_INT7_DriverIRQHandler	8	static
