../drivers/fsl_usart.c:55:10:USART_GetInstance	0	static
../drivers/fsl_usart.c:77:8:USART_TransferGetRxRingBufferLength	0	static
../drivers/fsl_usart.c:1123:6:USART_TransferHandleIRQ	32	static
../drivers/fsl_usart.c:132:6:USART_TransferStartRingBuffer	0	static
../drivers/fsl_usart.c:156:6:USART_TransferStopRingBuffer	0	static
../drivers/fsl_usart.c:275:6:USART_Deinit	0	static
../drivers/fsl_usart.c:317:6:USART_GetDefaultConfig	8	static
../drivers/fsl_usart.c:435:10:USART_SetBaudRate	32	static
../drivers/fsl_usart.c:193:10:USART_Init	24	static
../drivers/fsl_usart.c:527:10:USART_Enable32kMode	16	static
../drivers/fsl_usart.c:564:6:USART_Enable9bitMode	0	static
../drivers/fsl_usart.c:591:6:USART_SendAddress	0	static
../drivers/fsl_usart.c:610:10:USART_WriteBlocking	0	static
../drivers/fsl_usart.c:680:10:USART_ReadBlocking	16	static
../drivers/fsl_usart.c:768:10:USART_TransferCreateHandle	24	static
../drivers/fsl_usart.c:820:10:USART_TransferSendNonBlocking	20	static
../drivers/fsl_usart.c:868:6:USART_TransferAbortSend	0	static
../drivers/fsl_usart.c:893:10:USART_TransferGetSendCount	8	static
../drivers/fsl_usart.c:935:10:USART_TransferReceiveNonBlocking	32	static
../drivers/fsl_usart.c:1071:6:USART_TransferAbortReceive	0	static
../drivers/fsl_usart.c:1100:10:USART_TransferGetReceiveCount	0	static
