Archive member included to satisfy reference by file (symbol)

C:/nxp/MCUXpressoIDE_11.10.0_3148/ide/plugins/com.nxp.mcuxpresso.tools.win32_11.10.0.202311280810/tools/bin/../lib/gcc/arm-none-eabi/13.2.1/../../../../arm-none-eabi/lib/thumb/v8-m.main+fp/hard\libcr_semihost_nf.a(_cr__main.o)
                              ./startup/startup_lpc55s69_cm33_core0.o (__main)
C:/nxp/MCUXpressoIDE_11.10.0_3148/ide/plugins/com.nxp.mcuxpresso.tools.win32_11.10.0.202311280810/tools/bin/../lib/gcc/arm-none-eabi/13.2.1/../../../../arm-none-eabi/lib/thumb/v8-m.main+fp/hard\libcr_c.a(memcpy.o)
                              ./utilities/fsl_str.o (memcpy)
C:/nxp/MCUXpressoIDE_11.10.0_3148/ide/plugins/com.nxp.mcuxpresso.tools.win32_11.10.0.202311280810/tools/bin/../lib/gcc/arm-none-eabi/13.2.1/../../../../arm-none-eabi/lib/thumb/v8-m.main+fp/hard\libcr_c.a(memset.o)
                              ./drivers/fsl_clock.o (memset)
C:/nxp/MCUXpressoIDE_11.10.0_3148/ide/plugins/com.nxp.mcuxpresso.tools.win32_11.10.0.202311280810/tools/bin/../lib/gcc/arm-none-eabi/13.2.1/../../../../arm-none-eabi/lib/thumb/v8-m.main+fp/hard\libcr_c.a(alloc.o)
                              ./drivers/fsl_common.o (malloc)
C:/nxp/MCUXpressoIDE_11.10.0_3148/ide/plugins/com.nxp.mcuxpresso.tools.win32_11.10.0.202311280810/tools/bin/../lib/gcc/arm-none-eabi/13.2.1/../../../../arm-none-eabi/lib/thumb/v8-m.main+fp/hard\libcr_c.a(errno.o)
                              ./utilities/fsl_str.o (errno)
C:/nxp/MCUXpressoIDE_11.10.0_3148/ide/plugins/com.nxp.mcuxpresso.tools.win32_11.10.0.202311280810/tools/bin/../lib/gcc/arm-none-eabi/13.2.1/../../../../arm-none-eabi/lib/thumb/v8-m.main+fp/hard\libcr_c.a(initio.o)
                              C:/nxp/MCUXpressoIDE_11.10.0_3148/ide/plugins/com.nxp.mcuxpresso.tools.win32_11.10.0.202311280810/tools/bin/../lib/gcc/arm-none-eabi/13.2.1/../../../../arm-none-eabi/lib/thumb/v8-m.main+fp/hard\libcr_semihost_nf.a(_cr__main.o) (_initio)
C:/nxp/MCUXpressoIDE_11.10.0_3148/ide/plugins/com.nxp.mcuxpresso.tools.win32_11.10.0.202311280810/tools/bin/../lib/gcc/arm-none-eabi/13.2.1/../../../../arm-none-eabi/lib/thumb/v8-m.main+fp/hard\libcr_c.a(printf.o)
                              ./utilities/fsl_assert.o (_printf)
C:/nxp/MCUXpressoIDE_11.10.0_3148/ide/plugins/com.nxp.mcuxpresso.tools.win32_11.10.0.202311280810/tools/bin/../lib/gcc/arm-none-eabi/13.2.1/../../../../arm-none-eabi/lib/thumb/v8-m.main+fp/hard\libcr_c.a(scanf.o)
                              ./utilities/fsl_str.o (strtoul)
C:/nxp/MCUXpressoIDE_11.10.0_3148/ide/plugins/com.nxp.mcuxpresso.tools.win32_11.10.0.202311280810/tools/bin/../lib/gcc/arm-none-eabi/13.2.1/../../../../arm-none-eabi/lib/thumb/v8-m.main+fp/hard\libcr_c.a(setvbuf.o)
                              C:/nxp/MCUXpressoIDE_11.10.0_3148/ide/plugins/com.nxp.mcuxpresso.tools.win32_11.10.0.202311280810/tools/bin/../lib/gcc/arm-none-eabi/13.2.1/../../../../arm-none-eabi/lib/thumb/v8-m.main+fp/hard\libcr_c.a(initio.o) (setvbuf)
C:/nxp/MCUXpressoIDE_11.10.0_3148/ide/plugins/com.nxp.mcuxpresso.tools.win32_11.10.0.202311280810/tools/bin/../lib/gcc/arm-none-eabi/13.2.1/../../../../arm-none-eabi/lib/thumb/v8-m.main+fp/hard\libcr_c.a(strlen.o)
                              ./utilities/fsl_str.o (strlen)
C:/nxp/MCUXpressoIDE_11.10.0_3148/ide/plugins/com.nxp.mcuxpresso.tools.win32_11.10.0.202311280810/tools/bin/../lib/gcc/arm-none-eabi/13.2.1/../../../../arm-none-eabi/lib/thumb/v8-m.main+fp/hard\libcr_c.a(ungetc.o)
                              C:/nxp/MCUXpressoIDE_11.10.0_3148/ide/plugins/com.nxp.mcuxpresso.tools.win32_11.10.0.202311280810/tools/bin/../lib/gcc/arm-none-eabi/13.2.1/../../../../arm-none-eabi/lib/thumb/v8-m.main+fp/hard\libcr_c.a(scanf.o) (ungetc)
C:/nxp/MCUXpressoIDE_11.10.0_3148/ide/plugins/com.nxp.mcuxpresso.tools.win32_11.10.0.202311280810/tools/bin/../lib/gcc/arm-none-eabi/13.2.1/../../../../arm-none-eabi/lib/thumb/v8-m.main+fp/hard\libcr_c.a(__fillbuf.o)
                              C:/nxp/MCUXpressoIDE_11.10.0_3148/ide/plugins/com.nxp.mcuxpresso.tools.win32_11.10.0.202311280810/tools/bin/../lib/gcc/arm-none-eabi/13.2.1/../../../../arm-none-eabi/lib/thumb/v8-m.main+fp/hard\libcr_c.a(scanf.o) (__filbuf)
C:/nxp/MCUXpressoIDE_11.10.0_3148/ide/plugins/com.nxp.mcuxpresso.tools.win32_11.10.0.202311280810/tools/bin/../lib/gcc/arm-none-eabi/13.2.1/../../../../arm-none-eabi/lib/thumb/v8-m.main+fp/hard\libcr_c.a(__init_alloc.o)
                              C:/nxp/MCUXpressoIDE_11.10.0_3148/ide/plugins/com.nxp.mcuxpresso.tools.win32_11.10.0.202311280810/tools/bin/../lib/gcc/arm-none-eabi/13.2.1/../../../../arm-none-eabi/lib/thumb/v8-m.main+fp/hard\libcr_c.a(alloc.o) (__heaps)
C:/nxp/MCUXpressoIDE_11.10.0_3148/ide/plugins/com.nxp.mcuxpresso.tools.win32_11.10.0.202311280810/tools/bin/../lib/gcc/arm-none-eabi/13.2.1/../../../../arm-none-eabi/lib/thumb/v8-m.main+fp/hard\libcr_c.a(_cr_sbrk.o)
[...]
Memory Configuration

Name             Origin             Length             Attributes
PROGRAM_FLASH    0x00000000         0x0009d800         xr
SRAM             0x20000000         0x00040000         xrw
SRAMX            0x04000000         0x00008000         xrw
USB_RAM          0x40100000         0x00004000         xrw
SRAM4            0x20040000         0x00004000         xrw
*default*        0x00000000         0xffffffff

Linker script and memory map

LOAD ./utilities/fsl_assert.o
LOAD ./utilities/fsl_debug_console.o
LOAD ./utilities/fsl_str.o
LOAD ./startup/boot_multicore_slave.o
LOAD ./startup/startup_lpc55s69_cm33_core0.o
LOAD ./source/LPC55S69_Project_plss.o
LOAD ./source/semihost_hardfault.o
LOAD ./drivers/fsl_clock.o
LOAD ./drivers/fsl_common.o
LOAD ./drivers/fsl_common_arm.o
LOAD ./drivers/fsl_flexcomm.o
LOAD ./drivers/fsl_gpio.o
LOAD ./drivers/fsl_i2c.o
LOAD ./drivers/fsl_inputmux.o
LOAD ./drivers/fsl_pint.o
LOAD ./drivers/fsl_power.o
LOAD ./drivers/fsl_reset.o
LOAD ./drivers/fsl_usart.o
LOAD ./device/system_LPC55S69_cm33_core0.o
LOAD ./component/uart/fsl_adapter_usart.o
LOAD ./component/serial_manager/fsl_component_serial_manager.o
LOAD ./component/serial_manager/fsl_component_serial_port_uart.o
LOAD ./component/lists/fsl_component_generic_list.o
LOAD ./board/board.o
LOAD ./board/clock_config.o
LOAD ./board/peripherals.o
LOAD ./board/pin_mux.o
START GROUP
LOAD C:/nxp/MCUXpressoIDE_11.10.0_3148/ide/plugins/com.nxp.mcuxpresso.tools.win32_11.10.0.202311280810/tools/bin/../lib/gcc/arm-none-eabi/13.2.1/../../../../arm-none-eabi/lib/thumb/v8-m.main+fp/hard\libcr_semihost_nf.a
LOAD C:/nxp/MCUXpressoIDE_11.10.0_3148/ide/plugins/com.nxp.mcuxpresso.tools.win32_11.10.0.202311280810/tools/bin/../lib/gcc/arm-none-eabi/13.2.1/../../../../arm-none-eabi/lib/thumb/v8-m.main+fp/hard\libcr_c.a
LOAD C:/nxp/MCUXpressoIDE_11.10.0_3148/ide/plugins/com.nxp.mcuxpresso.tools.win32_11.10.0.202311280810/tools/bin/../lib/gcc/arm-none-eabi/13.2.1/thumb/v8-m.main+fp/hard\libcr_eabihelpers.a
LOAD C:/nxp/MCUXpressoIDE_11.10.0_3148/ide/plugins/com.nxp.mcuxpresso.tools.win32_11.10.0.202311280810/tools/bin/../lib/gcc/arm-none-eabi/13.2.1/thumb/v8-m.main+fp/hard\libgcc.a
END GROUP
                0x00000000                        __base_PROGRAM_FLASH = 0x0
                0x00000000                        __base_Flash = 0x0
                0x0009d800                        __top_PROGRAM_FLASH = 0x9d800
                0x0009d800                        __top_Flash = 0x9d800
                0x20000000                        __base_SRAM = 0x20000000
                0x20000000                        __base_RAM = 0x20000000
                0x20040000                        __top_SRAM = 0x20040000
                0x20040000                        __top_RAM = 0x20040000
                0x04000000                        __base_SRAMX = 0x4000000
                0x04000000                        __base_RAM2 = 0x4000000
                0x04008000                        __top_SRAMX = 0x4008000
                0x04008000                        __top_RAM2 = 0x4008000
                0x40100000                        __base_USB_RAM = 0x40100000
                0x40100000                        __base_RAM3 = 0x40100000
                0x40104000                        __top_USB_RAM = 0x40104000
                0x40104000                        __top_RAM3 = 0x40104000
                0x20040000                        __base_SRAM4 = 0x20040000
                0x20040000                        __base_RAM4 = 0x20040000
                0x20044000                        __top_SRAM4 = 0x20044000
                0x20044000                        __top_RAM4 = 0x20044000

.text           0x00000000     0x3804
 FILL mask 0xff
                0x00000000                        __vectors_start__ = ABSOLUTE (.)
 *(SORT_BY_ALIGNMENT(.isr_vector))
 .isr_vector    0x00000000      0x130 ./startup/startup_lpc55s69_cm33_core0.o
                0x00000000                g_pfnVectors
                0x00000000                __Vectors
                0x00000130                        . = ALIGN (0x4)
                0x00000130                        __section_table_start = .
                0x00000130                        __data_section_table = .
                0x00000130        0x4 LONG 0x3804 LOADADDR (.data)
                0x00000134        0x4 LONG 0x20000000 ADDR (.data)
                0x00000138        0x4 LONG 0x8 SIZEOF (.data)
                0x0000013c        0x4 LONG 0x3804 LOADADDR (.data_RAM2)
                0x00000140        0x4 LONG 0x4000000 ADDR (.data_RAM2)
                0x00000144        0x4 LONG 0x0 SIZEOF (.data_RAM2)
                0x00000148        0x4 LONG 0x3804 LOADADDR (.data_RAM3)
                0x0000014c        0x4 LONG 0x40100000 ADDR (.data_RAM3)
                0x00000150        0x4 LONG 0x0 SIZEOF (.data_RAM3)
                0x00000154        0x4 LONG 0x3804 LOADADDR (.data_RAM4)
                0x00000158        0x4 LONG 0x20040000 ADDR (.data_RAM4)
                0x0000015c        0x4 LONG 0x0 SIZEOF (.data_RAM4)
                0x00000160                        __data_section_table_end = .
                0x00000160                        __bss_section_table = .
                0x00000160        0x4 LONG 0x20000008 ADDR (.bss)
                0x00000164        0x4 LONG 0x138 SIZEOF (.bss)
                0x00000168        0x4 LONG 0x4000000 ADDR (.bss_RAM2)
                0x0000016c        0x4 LONG 0x0 SIZEOF (.bss_RAM2)
                0x00000170        0x4 LONG 0x40100000 ADDR (.bss_RAM3)
                0x00000174        0x4 LONG 0x0 SIZEOF (.bss_RAM3)
                0x00000178        0x4 LONG 0x20040000 ADDR (.bss_RAM4)
                0x0000017c        0x4 LONG 0x0 SIZEOF (.bss_RAM4)
                0x00000180                        __bss_section_table_end = .
                0x00000180                        __section_table_end = .
 *(SORT_BY_ALIGNMENT(.after_vectors*))
 .after_vectors.reset
                0x00000180       0x68 ./startup/startup_lpc55s69_cm33_core0.o
                0x00000180                ResetISR
 .after_vectors.init_data
                0x000001e8       0x1e ./startup/startup_lpc55s69_cm33_core0.o
                0x000001e8                data_init
 .after_vectors.init_bss
                0x00000206       0x12 ./startup/startup_lpc55s69_cm33_core0.o
                0x00000206                bss_init
 .after_vectors
                0x00000218       0x16 ./startup/startup_lpc55s69_cm33_core0.o
                0x00000218                NMI_Handler
                0x0000021c                MemManage_Handler
                0x0000021e                BusFault_Handler
                0x00000220                UsageFault_Handler
                0x00000222                SecureFault_Handler
                0x00000224                SVC_Handler
                0x00000226                DebugMon_Handler
                0x00000228                PendSV_Handler
                0x0000022a                SysTick_Handler
                0x0000022c                CTIMER2_DriverIRQHandler
                0x0000022c                Reserved56_DriverIRQHandler
                0x0000022c                IntDefaultHandler
                0x0000022c                USB0_DriverIRQHandler
                0x0000022c                CASER_DriverIRQHandler
                0x0000022c                MRT0_DriverIRQHandler
                0x0000022c                UTICK0_DriverIRQHandler
                0x0000022c                Reserved41_DriverIRQHandler
                0x0000022c                CTIMER4_DriverIRQHandler
                0x0000022c                GINT1_DriverIRQHandler
                0x0000022c                Reserved55_DriverIRQHandler
                0x0000022c                HASHCRYPT_DriverIRQHandler
                0x0000022c                USB0_NEEDCLK_DriverIRQHandler
                0x0000022c                SEC_VIO_DriverIRQHandler
                0x0000022c                CTIMER1_DriverIRQHandler
                0x0000022c                Reserved42_DriverIRQHandler
                0x0000022c                PQ_DriverIRQHandler
                0x0000022c                MAILBOX_DriverIRQHandler
                0x0000022c                CTIMER3_DriverIRQHandler
                0x0000022c                Reserved61_DriverIRQHandler
                0x0000022c                PUF_DriverIRQHandler
                0x0000022c                RTC_DriverIRQHandler
                0x0000022c                DMA0_DriverIRQHandler
                0x0000022c                Reserved39_DriverIRQHandler
                0x0000022c                USB1_DriverIRQHandler
                0x0000022c                Reserved60_DriverIRQHandler
                0x0000022c                DMA1_DriverIRQHandler
                0x0000022c                ADC0_DriverIRQHandler
                0x0000022c                USB1_NEEDCLK_DriverIRQHandler
                0x0000022c                Reserved59_DriverIRQHandler
                0x0000022c                SDIO_DriverIRQHandler
                0x0000022c                GINT0_DriverIRQHandler
                0x0000022c                USB1_PHY_DriverIRQHandler
                0x0000022c                ACMP_DriverIRQHandler
                0x0000022c                Reserved57_DriverIRQHandler
                0x0000022c                CTIMER0_DriverIRQHandler
                0x0000022c                Reserved46_DriverIRQHandler
                0x0000022c                WDT_BOD_DriverIRQHandler
                0x0000022c                SCT0_DriverIRQHandler
                0x0000022c                PLU_DriverIRQHandler
                0x0000022c                OS_EVENT_DriverIRQHandler
                0x0000022c                SEC_HYPERVISOR_CALL_DriverIRQHandler
 *(SORT_BY_ALIGNMENT(.text*))
 *fill*         0x0000022e        0x2 ff
 .text.__assertion_failed
                0x00000230       0x2c ./utilities/fsl_assert.o
                0x00000230                __assertion_failed
 .text.cbPint   0x0000025c       0x24 ./source/LPC55S69_Project_plss.o
                0x0000025c                cbPint
 .text.main     0x00000280       0x34 ./source/LPC55S69_Project_plss.o
                0x00000280                main
 .text.POWER_EnablePD
                0x000002b4       0x20 ./drivers/fsl_clock.o
 .text.POWER_DisablePD
                0x000002d4       0x20 ./drivers/fsl_clock.o
 .text.CLOCK_AttachClk
                0x000002f4       0xa0 ./drivers/fsl_clock.o
                0x000002f4                CLOCK_AttachClk
 .text.CLOCK_SetClkDiv
                0x00000394       0x80 ./drivers/fsl_clock.o
                0x00000394                CLOCK_SetClkDiv
 .text.CLOCK_SetupFROClocking
                0x00000414       0x80 ./drivers/fsl_clock.o
                0x00000414                CLOCK_SetupFROClocking
 .text.CLOCK_SetFLASHAccessCyclesForFreq
                0x00000494      0x17c ./drivers/fsl_clock.o
                0x00000494                CLOCK_SetFLASHAccessCyclesForFreq
 .text.CLOCK_SetupExtClocking
                0x00000610       0x64 ./drivers/fsl_clock.o
                0x00000610                CLOCK_SetupExtClocking
 .text.CLOCK_GetFro1MFreq
                0x00000674       0x28 ./drivers/fsl_clock.o
                0x00000674                CLOCK_GetFro1MFreq
 .text.CLOCK_GetExtClkFreq
                0x0000069c       0x2c ./drivers/fsl_clock.o
                0x0000069c                CLOCK_GetExtClkFreq
 .text.CLOCK_GetOsc32KFreq
                0x000006c8       0x58 ./drivers/fsl_clock.o
                0x000006c8                CLOCK_GetOsc32KFreq
 .text.CLOCK_GetPLL0InClockRate
                0x00000720       0x64 ./drivers/fsl_clock.o
                0x00000720                CLOCK_GetPLL0InClockRate
 .text.CLOCK_SetPLL0Freq
                0x00000784      0x14c ./drivers/fsl_clock.o
                0x00000784                CLOCK_SetPLL0Freq
 .text.SDK_DelayAtLeastUs
                0x000008d0       0x8c ./drivers/fsl_common_arm.o
                0x000008d0                SDK_DelayAtLeastUs
 .text.FLEXCOMM_GetInstance
                0x0000095c       0x4c ./drivers/fsl_flexcomm.o
                0x0000095c                FLEXCOMM_GetInstance
 .text.FLEXCOMM0_DriverIRQHandler
                0x000009a8       0x5c ./drivers/fsl_flexcomm.o
                0x000009a8                FLEXCOMM0_DriverIRQHandler
 .text.FLEXCOMM1_DriverIRQHandler
                0x00000a04       0x5c ./drivers/fsl_flexcomm.o
                0x00000a04                FLEXCOMM1_DriverIRQHandler
 .text.FLEXCOMM2_DriverIRQHandler
                0x00000a60       0x5c ./drivers/fsl_flexcomm.o
                0x00000a60                FLEXCOMM2_DriverIRQHandler
 .text.FLEXCOMM3_DriverIRQHandler
                0x00000abc       0x5c ./drivers/fsl_flexcomm.o
                0x00000abc                FLEXCOMM3_DriverIRQHandler
 .text.FLEXCOMM4_DriverIRQHandler
                0x00000b18       0x5c ./drivers/fsl_flexcomm.o
                0x00000b18                FLEXCOMM4_DriverIRQHandler
 .text.FLEXCOMM5_DriverIRQHandler
                0x00000b74       0x5c ./drivers/fsl_flexcomm.o
                0x00000b74                FLEXCOMM5_DriverIRQHandler
 .text.FLEXCOMM6_DriverIRQHandler
                0x00000bd0       0x5c ./drivers/fsl_flexcomm.o
                0x00000bd0                FLEXCOMM6_DriverIRQHandler
 .text.FLEXCOMM7_DriverIRQHandler
                0x00000c2c       0x5c ./drivers/fsl_flexcomm.o
                0x00000c2c                FLEXCOMM7_DriverIRQHandler
 .text.FLEXCOMM8_DriverIRQHandler
                0x00000c88       0x5c ./drivers/fsl_flexcomm.o
                0x00000c88                FLEXCOMM8_DriverIRQHandler
 .text.__NVIC_EnableIRQ
                0x00000ce4       0x3c ./drivers/fsl_pint.o
 .text.__NVIC_ClearPendingIRQ
                0x00000d20       0x3c ./drivers/fsl_pint.o
 .text.PINT_GetInstance
                0x00000d5c       0x4c ./drivers/fsl_pint.o
 .text.PINT_Init
                0x00000da8       0xd8 ./drivers/fsl_pint.o
                0x00000da8                PINT_Init
 .text.PINT_PinInterruptConfig
                0x00000e80       0xd8 ./drivers/fsl_pint.o
                0x00000e80                PINT_PinInterruptConfig
 .text.PINT_EnableCallbackByIndex
                0x00000f58       0x64 ./drivers/fsl_pint.o
                0x00000f58                PINT_EnableCallbackByIndex
 .text.SEC_GPIO_INT0_IRQ0_DriverIRQHandler
                0x00000fbc       0x64 ./drivers/fsl_pint.o
                0x00000fbc                SEC_GPIO_INT0_IRQ0_DriverIRQHandler
 .text.SEC_GPIO_INT0_IRQ1_DriverIRQHandler
                0x00001020       0x60 ./drivers/fsl_pint.o
                0x00001020                SEC_GPIO_INT0_IRQ1_DriverIRQHandler
 .text.PIN_INT0_DriverIRQHandler
                0x00001080       0x4c ./drivers/fsl_pint.o
                0x00001080                PIN_INT0_DriverIRQHandler
 .text.PIN_INT1_DriverIRQHandler
                0x000010cc       0x4c ./drivers/fsl_pint.o
                0x000010cc                PIN_INT1_DriverIRQHandler
 .text.PIN_INT2_DriverIRQHandler
                0x00001118       0x4c ./drivers/fsl_pint.o
                0x00001118                PIN_INT2_DriverIRQHandler
 .text.PIN_INT3_DriverIRQHandler
                0x00001164       0x4c ./drivers/fsl_pint.o
                0x00001164                PIN_INT3_DriverIRQHandler
 .text.PIN_INT4_DriverIRQHandler
                0x000011b0       0x4c ./drivers/fsl_pint.o
                0x000011b0                PIN_INT4_DriverIRQHandler
 .text.PIN_INT5_DriverIRQHandler
                0x000011fc       0x4c ./drivers/fsl_pint.o
                0x000011fc                PIN_INT5_DriverIRQHandler
 .text.PIN_INT6_DriverIRQHandler
                0x00001248       0x4c ./drivers/fsl_pint.o
                0x00001248                PIN_INT6_DriverIRQHandler
 .text.PIN_INT7_DriverIRQHandler
                0x00001294       0x4c ./drivers/fsl_pint.o
                0x00001294                PIN_INT7_DriverIRQHandler
 .text.lowpower_set_system_voltage
                0x000012e0      0x154 ./drivers/fsl_power.o
 .text.lowpower_set_dcdc_power_profile
                0x00001434       0xec ./drivers/fsl_power.o
 .text.lowpower_get_part_process_corner
                0x00001520       0x94 ./drivers/fsl_power.o
 .text.POWER_SetVoltageForFreq
                0x000015b4       0x50 ./drivers/fsl_power.o
                0x000015b4                POWER_SetVoltageForFreq
 .text.RESET_ClearPeripheralReset
                0x00001604       0x60 ./drivers/fsl_reset.o
                0x00001604                RESET_ClearPeripheralReset
 .text.SystemInit
                0x00001664       0x64 ./device/system_LPC55S69_cm33_core0.o
                0x00001664                SystemInit
 .text.BOARD_InitDebugConsole
                0x000016c8       0x38 ./board/board.o
                0x000016c8                BOARD_InitDebugConsole
 .text.POWER_DisablePD
                0x00001700       0x20 ./board/clock_config.o
 .text.BOARD_BootClockPLL150M
                0x00001720       0xe0 ./board/clock_config.o
                0x00001720                BOARD_BootClockPLL150M
 .text.PINT_init
                0x00001800       0x2c ./board/peripherals.o
 .text.BOARD_InitDEBUG_UARTPins
                0x0000182c       0x3c ./board/pin_mux.o
                0x0000182c                BOARD_InitDEBUG_UARTPins
 .text.BOARD_PinInit
                0x00001868       0x68 ./board/pin_mux.o
                0x00001868                BOARD_PinInit
 .text.malloc   0x000018d0       0xc8 C:/nxp/MCUXpressoIDE_11.10.0_3148/ide/plugins/com.nxp.mcuxpresso.tools.win32_11.10.0.202311280810/tools/bin/../lib/gcc/arm-none-eabi/13.2.1/../../../../arm-none-eabi/lib/thumb/v8-m.main+fp/hard\libcr_c.a(alloc.o)
                0x000018d0                malloc
 .text._Csys_alloc
                0x00001998       0x20 C:/nxp/MCUXpressoIDE_11.10.0_3148/ide/plugins/com.nxp.mcuxpresso.tools.win32_11.10.0.202311280810/tools/bin/../lib/gcc/arm-none-eabi/13.2.1/../../../../arm-none-eabi/lib/thumb/v8-m.main+fp/hard\libcr_c.a(alloc.o)
                0x00001998                _Csys_alloc
 .text._initio  0x000019b8       0x78 C:/nxp/MCUXpressoIDE_11.10.0_3148/ide/plugins/com.nxp.mcuxpresso.tools.win32_11.10.0.202311280810/tools/bin/../lib/gcc/arm-none-eabi/13.2.1/../../../../arm-none-eabi/lib/thumb/v8-m.main+fp/hard\libcr_c.a(initio.o)
                0x000019b8                _initio
 .text.__vfprintf
                0x00001a30      0xb70 C:/nxp/MCUXpressoIDE_11.10.0_3148/ide/plugins/com.nxp.mcuxpresso.tools.win32_11.10.0.202311280810/tools/bin/../lib/gcc/arm-none-eabi/13.2.1/../../../../arm-none-eabi/lib/thumb/v8-m.main+fp/hard\libcr_c.a(printf.o)
                0x00001a30                __vfprintf
 .text._vsnprintf
                0x000025a0       0x68 C:/nxp/MCUXpressoIDE_11.10.0_3148/ide/plugins/com.nxp.mcuxpresso.tools.win32_11.10.0.202311280810/tools/bin/../lib/gcc/arm-none-eabi/13.2.1/../../../../arm-none-eabi/lib/thumb/v8-m.main+fp/hard\libcr_c.a(printf.o)
                0x000025a0                _vsnprintf
 .text._printf  0x00002608       0x54 C:/nxp/MCUXpressoIDE_11.10.0_3148/ide/plugins/com.nxp.mcuxpresso.tools.win32_11.10.0.202311280810/tools/bin/../lib/gcc/arm-none-eabi/13.2.1/../../../../arm-none-eabi/lib/thumb/v8-m.main+fp/hard\libcr_c.a(printf.o)
                0x00002608                _printf
 .text._sbrk    0x0000265c       0x3c C:/nxp/MCUXpressoIDE_11.10.0_3148/ide/plugins/com.nxp.mcuxpresso.tools.win32_11.10.0.202311280810/tools/bin/../lib/gcc/arm-none-eabi/13.2.1/../../../../arm-none-eabi/lib/thumb/v8-m.main+fp/hard\libcr_c.a(_cr_sbrk.o)
                0x0000265c                _sbrk
 .text._Cwritebuf
                0x00002698       0x6c C:/nxp/MCUXpressoIDE_11.10.0_3148/ide/plugins/com.nxp.mcuxpresso.tools.win32_11.10.0.202311280810/tools/bin/../lib/gcc/arm-none-eabi/13.2.1/../../../../arm-none-eabi/lib/thumb/v8-m.main+fp/hard\libcr_c.a(_writebuf.o)
                0x00002698                _Cwritebuf
 .text.fflush   0x00002704       0x3c C:/nxp/MCUXpressoIDE_11.10.0_3148/ide/plugins/com.nxp.mcuxpresso.tools.win32_11.10.0.202311280810/tools/bin/../lib/gcc/arm-none-eabi/13.2.1/../../../../arm-none-eabi/lib/thumb/v8-m.main+fp/hard\libcr_c.a(fflush.o)
                0x00002704                fflush
 .text.fseek    0x00002740       0xf8 C:/nxp/MCUXpressoIDE_11.10.0_3148/ide/plugins/com.nxp.mcuxpresso.tools.win32_11.10.0.202311280810/tools/bin/../lib/gcc/arm-none-eabi/13.2.1/../../../../arm-none-eabi/lib/thumb/v8-m.main+fp/hard\libcr_c.a(fseek.o)
                0x00002740                fseek
 .text.ftell    0x00002838       0x44 C:/nxp/MCUXpressoIDE_11.10.0_3148/ide/plugins/com.nxp.mcuxpresso.tools.win32_11.10.0.202311280810/tools/bin/../lib/gcc/arm-none-eabi/13.2.1/../../../../arm-none-eabi/lib/thumb/v8-m.main+fp/hard\libcr_c.a(ftell.o)
                0x00002838                ftell
 .text.__check_heap_overflow
                0x0000287c       0x18 C:/nxp/MCUXpressoIDE_11.10.0_3148/ide/plugins/com.nxp.mcuxpresso.tools.win32_11.10.0.202311280810/tools/bin/../lib/gcc/arm-none-eabi/13.2.1/../../../../arm-none-eabi/lib/thumb/v8-m.main+fp/hard\libcr_c.a(_cr_check_heap.o)
                0x0000287c                __check_heap_overflow
 .text.__sys_appexit
                0x00002894        0xc C:/nxp/MCUXpressoIDE_11.10.0_3148/ide/plugins/com.nxp.mcuxpresso.tools.win32_11.10.0.202311280810/tools/bin/../lib/gcc/arm-none-eabi/13.2.1/../../../../arm-none-eabi/lib/thumb/v8-m.main+fp/hard\libcr_semihost_nf.a(__sys_appexit.o)
                0x00002894                __sys_appexit
                0x00002894                __exit
 .text.fsl_assert_hook
                0x000028a0       0x1a ./utilities/fsl_assert.o
                0x000028a0                fsl_assert_hook
 .text.WDT_BOD_IRQHandler
                0x000028ba        0x8 ./startup/startup_lpc55s69_cm33_core0.o
                0x000028ba                WDT_BOD_IRQHandler
 .text.DMA0_IRQHandler
                0x000028c2        0x8 ./startup/startup_lpc55s69_cm33_core0.o
                0x000028c2                DMA0_IRQHandler
 .text.GINT0_IRQHandler
                0x000028ca        0x8 ./startup/startup_lpc55s69_cm33_core0.o
                0x000028ca                GINT0_IRQHandler
 .text.GINT1_IRQHandler
                0x000028d2        0x8 ./startup/startup_lpc55s69_cm33_core0.o
                0x000028d2                GINT1_IRQHandler
 .text.PIN_INT0_IRQHandler
                0x000028da        0x8 ./startup/startup_lpc55s69_cm33_core0.o
                0x000028da                PIN_INT0_IRQHandler
 .text.PIN_INT1_IRQHandler
                0x000028e2        0x8 ./startup/startup_lpc55s69_cm33_core0.o
                0x000028e2                PIN_INT1_IRQHandler
 .text.PIN_INT2_IRQHandler
                0x000028ea        0x8 ./startup/startup_lpc55s69_cm33_core0.o
                0x000028ea                PIN_INT2_IRQHandler
 .text.PIN_INT3_IRQHandler
                0x000028f2        0x8 ./startup/startup_lpc55s69_cm33_core0.o
                0x000028f2                PIN_INT3_IRQHandler
 .text.UTICK0_IRQHandler
                0x000028fa        0x8 ./startup/startup_lpc55s69_cm33_core0.o
                0x000028fa                UTICK0_IRQHandler
 .text.MRT0_IRQHandler
                0x00002902        0x8 ./startup/startup_lpc55s69_cm33_core0.o
                0x00002902                MRT0_IRQHandler
 .text.CTIMER0_IRQHandler
                0x0000290a        0x8 ./startup/startup_lpc55s69_cm33_core0.o
                0x0000290a                CTIMER0_IRQHandler
 .text.CTIMER1_IRQHandler
                0x00002912        0x8 ./startup/startup_lpc55s69_cm33_core0.o
                0x00002912                CTIMER1_IRQHandler
 .text.SCT0_IRQHandler
                0x0000291a        0x8 ./startup/startup_lpc55s69_cm33_core0.o
                0x0000291a                SCT0_IRQHandler
 .text.CTIMER3_IRQHandler
                0x00002922        0x8 ./startup/startup_lpc55s69_cm33_core0.o
                0x00002922                CTIMER3_IRQHandler
 .text.FLEXCOMM0_IRQHandler
                0x0000292a        0x8 ./startup/startup_lpc55s69_cm33_core0.o
                0x0000292a                FLEXCOMM0_IRQHandler
 .text.FLEXCOMM1_IRQHandler
                0x00002932        0x8 ./startup/startup_lpc55s69_cm33_core0.o
                0x00002932                FLEXCOMM1_IRQHandler
 .text.FLEXCOMM2_IRQHandler
                0x0000293a        0x8 ./startup/startup_lpc55s69_cm33_core0.o
                0x0000293a                FLEXCOMM2_IRQHandler
 .text.FLEXCOMM3_IRQHandler
                0x00002942        0x8 ./startup/startup_lpc55s69_cm33_core0.o
                0x00002942                FLEXCOMM3_IRQHandler
 .text.FLEXCOMM4_IRQHandler
                0x0000294a        0x8 ./startup/startup_lpc55s69_cm33_core0.o
                0x0000294a                FLEXCOMM4_IRQHandler
 .text.FLEXCOMM5_IRQHandler
                0x00002952        0x8 ./startup/startup_lpc55s69_cm33_core0.o
                0x00002952                FLEXCOMM5_IRQHandler
 .text.FLEXCOMM6_IRQHandler
                0x0000295a        0x8 ./startup/startup_lpc55s69_cm33_core0.o
                0x0000295a                FLEXCOMM6_IRQHandler
 .text.FLEXCOMM7_IRQHandler
                0x00002962        0x8 ./startup/startup_lpc55s69_cm33_core0.o
                0x00002962                FLEXCOMM7_IRQHandler
 .text.ADC0_IRQHandler
                0x0000296a        0x8 ./startup/startup_lpc55s69_cm33_core0.o
                0x0000296a                ADC0_IRQHandler
 .text.Reserved39_IRQHandler
                0x00002972        0x8 ./startup/startup_lpc55s69_cm33_core0.o
                0x00002972                Reserved39_IRQHandler
 .text.ACMP_IRQHandler
                0x0000297a        0x8 ./startup/startup_lpc55s69_cm33_core0.o
                0x0000297a                ACMP_IRQHandler
 .text.Reserved41_IRQHandler
                0x00002982        0x8 ./startup/startup_lpc55s69_cm33_core0.o
                0x00002982                Reserved41_IRQHandler
 .text.Reserved42_IRQHandler
                0x0000298a        0x8 ./startup/startup_lpc55s69_cm33_core0.o
                0x0000298a                Reserved42_IRQHandler
 .text.USB0_NEEDCLK_IRQHandler
                0x00002992        0x8 ./startup/startup_lpc55s69_cm33_core0.o
                0x00002992                USB0_NEEDCLK_IRQHandler
 .text.USB0_IRQHandler
                0x0000299a        0x8 ./startup/startup_lpc55s69_cm33_core0.o
                0x0000299a                USB0_IRQHandler
 .text.RTC_IRQHandler
                0x000029a2        0x8 ./startup/startup_lpc55s69_cm33_core0.o
                0x000029a2                RTC_IRQHandler
 .text.Reserved46_IRQHandler
                0x000029aa        0x8 ./startup/startup_lpc55s69_cm33_core0.o
                0x000029aa                Reserved46_IRQHandler
 .text.MAILBOX_IRQHandler
                0x000029b2        0x8 ./startup/startup_lpc55s69_cm33_core0.o
                0x000029b2                MAILBOX_IRQHandler
 .text.PIN_INT4_IRQHandler
                0x000029ba        0x8 ./startup/startup_lpc55s69_cm33_core0.o
                0x000029ba                PIN_INT4_IRQHandler
 .text.PIN_INT5_IRQHandler
                0x000029c2        0x8 ./startup/startup_lpc55s69_cm33_core0.o
                0x000029c2                PIN_INT5_IRQHandler
 .text.PIN_INT6_IRQHandler
                0x000029ca        0x8 ./startup/startup_lpc55s69_cm33_core0.o
                0x000029ca                PIN_INT6_IRQHandler
 .text.PIN_INT7_IRQHandler
                0x000029d2        0x8 ./startup/startup_lpc55s69_cm33_core0.o
                0x000029d2                PIN_INT7_IRQHandler
 .text.CTIMER2_IRQHandler
                0x000029da        0x8 ./startup/startup_lpc55s69_cm33_core0.o
                0x000029da                CTIMER2_IRQHandler
 .text.CTIMER4_IRQHandler
                0x000029e2        0x8 ./startup/startup_lpc55s69_cm33_core0.o
                0x000029e2                CTIMER4_IRQHandler
 .text.OS_EVENT_IRQHandler
                0x000029ea        0x8 ./startup/startup_lpc55s69_cm33_core0.o
                0x000029ea                OS_EVENT_IRQHandler
 .text.Reserved55_IRQHandler
                0x000029f2        0x8 ./startup/startup_lpc55s69_cm33_core0.o
                0x000029f2                Reserved55_IRQHandler
 .text.Reserved56_IRQHandler
                0x000029fa        0x8 ./startup/startup_lpc55s69_cm33_core0.o
                0x000029fa                Reserved56_IRQHandler
 .text.Reserved57_IRQHandler
                0x00002a02        0x8 ./startup/startup_lpc55s69_cm33_core0.o
                0x00002a02                Reserved57_IRQHandler
 .text.SDIO_IRQHandler
                0x00002a0a        0x8 ./startup/startup_lpc55s69_cm33_core0.o
                0x00002a0a                SDIO_IRQHandler
 .text.Reserved59_IRQHandler
                0x00002a12        0x8 ./startup/startup_lpc55s69_cm33_core0.o
                0x00002a12                Reserved59_IRQHandler
 .text.Reserved60_IRQHandler
                0x00002a1a        0x8 ./startup/startup_lpc55s69_cm33_core0.o
                0x00002a1a                Reserved60_IRQHandler
 .text.Reserved61_IRQHandler
                0x00002a22        0x8 ./startup/startup_lpc55s69_cm33_core0.o
                0x00002a22                Reserved61_IRQHandler
 .text.USB1_PHY_IRQHandler
                0x00002a2a        0x8 ./startup/startup_lpc55s69_cm33_core0.o
                0x00002a2a                USB1_PHY_IRQHandler
 .text.USB1_IRQHandler
                0x00002a32        0x8 ./startup/startup_lpc55s69_cm33_core0.o
                0x00002a32                USB1_IRQHandler
 .text.USB1_NEEDCLK_IRQHandler
                0x00002a3a        0x8 ./startup/startup_lpc55s69_cm33_core0.o
                0x00002a3a                USB1_NEEDCLK_IRQHandler
 .text.SEC_HYPERVISOR_CALL_IRQHandler
                0x00002a42        0x8 ./startup/startup_lpc55s69_cm33_core0.o
                0x00002a42                SEC_HYPERVISOR_CALL_IRQHandler
 .text.SEC_GPIO_INT0_IRQ0_IRQHandler
                0x00002a4a        0x8 ./startup/startup_lpc55s69_cm33_core0.o
                0x00002a4a                SEC_GPIO_INT0_IRQ0_IRQHandler
 .text.SEC_GPIO_INT0_IRQ1_IRQHandler
                0x00002a52        0x8 ./startup/startup_lpc55s69_cm33_core0.o
                0x00002a52                SEC_GPIO_INT0_IRQ1_IRQHandler
 .text.PLU_IRQHandler
                0x00002a5a        0x8 ./startup/startup_lpc55s69_cm33_core0.o
                0x00002a5a                PLU_IRQHandler
 .text.SEC_VIO_IRQHandler
                0x00002a62        0x8 ./startup/startup_lpc55s69_cm33_core0.o
                0x00002a62                SEC_VIO_IRQHandler
 .text.HASHCRYPT_IRQHandler
                0x00002a6a        0x8 ./startup/startup_lpc55s69_cm33_core0.o
                0x00002a6a                HASHCRYPT_IRQHandler
 .text.CASER_IRQHandler
                0x00002a72        0x8 ./startup/startup_lpc55s69_cm33_core0.o
                0x00002a72                CASER_IRQHandler
 .text.PUF_IRQHandler
                0x00002a7a        0x8 ./startup/startup_lpc55s69_cm33_core0.o
                0x00002a7a                PUF_IRQHandler
 .text.PQ_IRQHandler
                0x00002a82        0x8 ./startup/startup_lpc55s69_cm33_core0.o
                0x00002a82                PQ_IRQHandler
 .text.DMA1_IRQHandler
                0x00002a8a        0x8 ./startup/startup_lpc55s69_cm33_core0.o
                0x00002a8a                DMA1_IRQHandler
 .text.FLEXCOMM8_IRQHandler
                0x00002a92        0x8 ./startup/startup_lpc55s69_cm33_core0.o
                0x00002a92                FLEXCOMM8_IRQHandler
 .text.HardFault_Handler
                0x00002a9a       0x36 ./source/semihost_hardfault.o
                0x00002a9a                HardFault_Handler
 .text.CLOCK_IsPLL0Locked
                0x00002ad0       0x24 ./drivers/fsl_clock.o
 .text.findPll0PreDiv
                0x00002af4       0x3e ./drivers/fsl_clock.o
 .text.DelayLoop
                0x00002b32       0x20 ./drivers/fsl_common_arm.o
 .text.INPUTMUX_AttachSignal
                0x00002b52       0x38 ./drivers/fsl_inputmux.o
                0x00002b52                INPUTMUX_AttachSignal
 .text.CLOCK_EnableClock
                0x00002b8a       0x30 ./drivers/fsl_pint.o
 .text.RESET_ReleasePeripheralReset
                0x00002bba       0x16 ./drivers/fsl_pint.o
 .text.EnableIRQ
                0x00002bd0       0x32 ./drivers/fsl_pint.o
 .text.PINT_PinInterruptClrFallFlag
                0x00002c02       0x22 ./drivers/fsl_pint.o
 .text.PINT_PinInterruptClrRiseFlag
                0x00002c24       0x22 ./drivers/fsl_pint.o
 .text.PINT_PatternMatchResetDetectLogic
                0x00002c46       0x34 ./drivers/fsl_pint.o
                0x00002c46                PINT_PatternMatchResetDetectLogic
 .text.PINT_PinInterruptClrStatus
                0x00002c7a       0x4e ./drivers/fsl_pint.o
                0x00002c7a                PINT_PinInterruptClrStatus
 .text.lowpower_set_voltage_for_process
                0x00002cc8       0xaa ./drivers/fsl_power.o
 .text.SystemInitHook
                0x00002d72        0xe ./device/system_LPC55S69_cm33_core0.o
                0x00002d72                SystemInitHook
 .text.DbgConsole_Init
                0x00002d80       0x20 ./board/board.o
 .text.BOARD_InitBootClocks
                0x00002da0        0xc ./board/clock_config.o
                0x00002da0                BOARD_InitBootClocks
 .text.BOARD_InitPeripherals_cm33_core0
                0x00002dac        0xc ./board/peripherals.o
                0x00002dac                BOARD_InitPeripherals_cm33_core0
 .text.BOARD_InitBootPeripherals
                0x00002db8        0xc ./board/peripherals.o
                0x00002db8                BOARD_InitBootPeripherals
 .text.Chip_GetVersion
                0x00002dc4       0x36 ./board/pin_mux.o
 .text.CLOCK_EnableClock
                0x00002dfa       0x30 ./board/pin_mux.o
 .text.IOCON_PinMuxSet
                0x00002e2a       0x2e ./board/pin_mux.o
 .text.BOARD_InitBootPins
                0x00002e58       0x10 ./board/pin_mux.o
                0x00002e58                BOARD_InitBootPins
 .text.__main   0x00002e68        0xe C:/nxp/MCUXpressoIDE_11.10.0_3148/ide/plugins/com.nxp.mcuxpresso.tools.win32_11.10.0.202311280810/tools/bin/../lib/gcc/arm-none-eabi/13.2.1/../../../../arm-none-eabi/lib/thumb/v8-m.main+fp/hard\libcr_semihost_nf.a(_cr__main.o)
                0x00002e68                __CR_SEMIHOST
                0x00002e68                __main
 .text.memset   0x00002e76        0x4 C:/nxp/MCUXpressoIDE_11.10.0_3148/ide/plugins/com.nxp.mcuxpresso.tools.win32_11.10.0.202311280810/tools/bin/../lib/gcc/arm-none-eabi/13.2.1/../../../../arm-none-eabi/lib/thumb/v8-m.main+fp/hard\libcr_c.a(memset.o)
                0x00002e76                memset
 .text.free     0x00002e7a       0x30 C:/nxp/MCUXpressoIDE_11.10.0_3148/ide/plugins/com.nxp.mcuxpresso.tools.win32_11.10.0.202311280810/tools/bin/../lib/gcc/arm-none-eabi/13.2.1/../../../../arm-none-eabi/lib/thumb/v8-m.main+fp/hard\libcr_c.a(alloc.o)
                0x00002e7a                free
 .text.no_fp_display
                0x00002eaa        0x4 C:/nxp/MCUXpressoIDE_11.10.0_3148/ide/plugins/com.nxp.mcuxpresso.tools.win32_11.10.0.202311280810/tools/bin/../lib/gcc/arm-none-eabi/13.2.1/../../../../arm-none-eabi/lib/thumb/v8-m.main+fp/hard\libcr_c.a(printf.o)
 .text.setvbuf  0x00002eae       0x3e C:/nxp/MCUXpressoIDE_11.10.0_3148/ide/plugins/com.nxp.mcuxpresso.tools.win32_11.10.0.202311280810/tools/bin/../lib/gcc/arm-none-eabi/13.2.1/../../../../arm-none-eabi/lib/thumb/v8-m.main+fp/hard\libcr_c.a(setvbuf.o)
                0x00002eae                setvbuf
 .text.strlen   0x00002eec       0x4e C:/nxp/MCUXpressoIDE_11.10.0_3148/ide/plugins/com.nxp.mcuxpresso.tools.win32_11.10.0.202311280810/tools/bin/../lib/gcc/arm-none-eabi/13.2.1/../../../../arm-none-eabi/lib/thumb/v8-m.main+fp/hard\libcr_c.a(strlen.o)
                0x00002eec                strlen
 .text._deferredlazyseek
                0x00002f3a       0x40 C:/nxp/MCUXpressoIDE_11.10.0_3148/ide/plugins/com.nxp.mcuxpresso.tools.win32_11.10.0.202311280810/tools/bin/../lib/gcc/arm-none-eabi/13.2.1/../../../../arm-none-eabi/lib/thumb/v8-m.main+fp/hard\libcr_c.a(_deferredlazyseek.o)
                0x00002f3a                _deferredlazyseek
 .text.__flsbuf
                0x00002f7a      0x126 C:/nxp/MCUXpressoIDE_11.10.0_3148/ide/plugins/com.nxp.mcuxpresso.tools.win32_11.10.0.202311280810/tools/bin/../lib/gcc/arm-none-eabi/13.2.1/../../../../arm-none-eabi/lib/thumb/v8-m.main+fp/hard\libcr_c.a(_deferredlazyseek.o)
                0x00002f7a                __flsbuf
 .text._fdopen  0x000030a0       0x68 C:/nxp/MCUXpressoIDE_11.10.0_3148/ide/plugins/com.nxp.mcuxpresso.tools.win32_11.10.0.202311280810/tools/bin/../lib/gcc/arm-none-eabi/13.2.1/../../../../arm-none-eabi/lib/thumb/v8-m.main+fp/hard\libcr_c.a(_fdopen.o)
                0x000030a0                _fdopen
 .text._fflush  0x00003108       0x52 C:/nxp/MCUXpressoIDE_11.10.0_3148/ide/plugins/com.nxp.mcuxpresso.tools.win32_11.10.0.202311280810/tools/bin/../lib/gcc/arm-none-eabi/13.2.1/../../../../arm-none-eabi/lib/thumb/v8-m.main+fp/hard\libcr_c.a(_fflush.o)
                0x00003108                _fflush
 .text.fclose   0x0000315a       0x58 C:/nxp/MCUXpressoIDE_11.10.0_3148/ide/plugins/com.nxp.mcuxpresso.tools.win32_11.10.0.202311280810/tools/bin/../lib/gcc/arm-none-eabi/13.2.1/../../../../arm-none-eabi/lib/thumb/v8-m.main+fp/hard\libcr_c.a(fclose.o)
                0x0000315a                fclose
 .text.remove   0x000031b2       0x14 C:/nxp/MCUXpressoIDE_11.10.0_3148/ide/plugins/com.nxp.mcuxpresso.tools.win32_11.10.0.202311280810/tools/bin/../lib/gcc/arm-none-eabi/13.2.1/../../../../arm-none-eabi/lib/thumb/v8-m.main+fp/hard\libcr_c.a(remove.o)
                0x000031b2                remove
 .text._do_fflush
                0x000031c6       0x40 C:/nxp/MCUXpressoIDE_11.10.0_3148/ide/plugins/com.nxp.mcuxpresso.tools.win32_11.10.0.202311280810/tools/bin/../lib/gcc/arm-none-eabi/13.2.1/../../../../arm-none-eabi/lib/thumb/v8-m.main+fp/hard\libcr_c.a(_do_fflush.o)
                0x000031c6                _do_fflush
 .text.__aeabi_division_uldivmod
                0x00003206      0x174 C:/nxp/MCUXpressoIDE_11.10.0_3148/ide/plugins/com.nxp.mcuxpresso.tools.win32_11.10.0.202311280810/tools/bin/../lib/gcc/arm-none-eabi/13.2.1/thumb/v8-m.main+fp/hard\libcr_eabihelpers.a(division_64.o)
                0x00003206                __aeabi_uldivmod
                0x0000320a                __bhs_ldivmod1
 .text.__aeabi_division_idiv0
                0x0000337a        0x2 C:/nxp/MCUXpressoIDE_11.10.0_3148/ide/plugins/com.nxp.mcuxpresso.tools.win32_11.10.0.202311280810/tools/bin/../lib/gcc/arm-none-eabi/13.2.1/thumb/v8-m.main+fp/hard\libcr_eabihelpers.a(division_idiv0.o)
                0x0000337a                __aeabi_idiv0
 .text.__aeabi_memset_lowlevel
                0x0000337c       0x32 C:/nxp/MCUXpressoIDE_11.10.0_3148/ide/plugins/com.nxp.mcuxpresso.tools.win32_11.10.0.202311280810/tools/bin/../lib/gcc/arm-none-eabi/13.2.1/thumb/v8-m.main+fp/hard\libcr_eabihelpers.a(memcpy.o)
                0x0000337c                __aeabi_lowlevel_memset
 .text.__sys_close
                0x000033ae        0xc C:/nxp/MCUXpressoIDE_11.10.0_3148/ide/plugins/com.nxp.mcuxpresso.tools.win32_11.10.0.202311280810/tools/bin/../lib/gcc/arm-none-eabi/13.2.1/../../../../arm-none-eabi/lib/thumb/v8-m.main+fp/hard\libcr_semihost_nf.a(__sys_close.o)
                0x000033ae                __sys_close
 .text.__sys_flen
                0x000033ba        0xc C:/nxp/MCUXpressoIDE_11.10.0_3148/ide/plugins/com.nxp.mcuxpresso.tools.win32_11.10.0.202311280810/tools/bin/../lib/gcc/arm-none-eabi/13.2.1/../../../../arm-none-eabi/lib/thumb/v8-m.main+fp/hard\libcr_semihost_nf.a(__sys_flen.o)
                0x000033ba                __sys_flen
 .text.__sys_istty
                0x000033c6        0xc C:/nxp/MCUXpressoIDE_11.10.0_3148/ide/plugins/com.nxp.mcuxpresso.tools.win32_11.10.0.202311280810/tools/bin/../lib/gcc/arm-none-eabi/13.2.1/../../../../arm-none-eabi/lib/thumb/v8-m.main+fp/hard\libcr_semihost_nf.a(__sys_istty.o)
                0x000033c6                __sys_istty
 .text.__sys_remove
                0x000033d2        0xc C:/nxp/MCUXpressoIDE_11.10.0_3148/ide/plugins/com.nxp.mcuxpresso.tools.win32_11.10.0.202311280810/tools/bin/../lib/gcc/arm-none-eabi/13.2.1/../../../../arm-none-eabi/lib/thumb/v8-m.main+fp/hard\libcr_semihost_nf.a(__sys_remove.o)
                0x000033d2                __sys_remove
 .text.__sys_seek
                0x000033de        0xc C:/nxp/MCUXpressoIDE_11.10.0_3148/ide/plugins/com.nxp.mcuxpresso.tools.win32_11.10.0.202311280810/tools/bin/../lib/gcc/arm-none-eabi/13.2.1/../../../../arm-none-eabi/lib/thumb/v8-m.main+fp/hard\libcr_semihost_nf.a(__sys_seek.o)
                0x000033de                __sys_seek
 .text.__sys_tmpnam
                0x000033ea        0xc C:/nxp/MCUXpressoIDE_11.10.0_3148/ide/plugins/com.nxp.mcuxpresso.tools.win32_11.10.0.202311280810/tools/bin/../lib/gcc/arm-none-eabi/13.2.1/../../../../arm-none-eabi/lib/thumb/v8-m.main+fp/hard\libcr_semihost_nf.a(__sys_tmpnam.o)
                0x000033ea                __sys_tmpnam
 .text.__sys_write
                0x000033f6        0xc C:/nxp/MCUXpressoIDE_11.10.0_3148/ide/plugins/com.nxp.mcuxpresso.tools.win32_11.10.0.202311280810/tools/bin/../lib/gcc/arm-none-eabi/13.2.1/../../../../arm-none-eabi/lib/thumb/v8-m.main+fp/hard\libcr_semihost_nf.a(__sys_write.o)
                0x000033f6                __sys_write
 *(SORT_BY_ALIGNMENT(.rodata) SORT_BY_ALIGNMENT(.rodata.*) SORT_BY_ALIGNMENT(.constdata) SORT_BY_ALIGNMENT(.constdata.*))
 *fill*         0x00003402        0x2 ff
 .rodata.__assertion_failed.str1.4
                0x00003404      0x366 ./utilities/fsl_assert.o
                                 0x14 (size before relaxing)
 .rodata.cbPint.str1.4
                0x0000376a        0x3 ./source/LPC55S69_Project_plss.o
 .rodata.main.str1.4
                0x0000376a        0xe ./source/LPC55S69_Project_plss.o
 .rodata.SDK_DelayAtLeastUs.str1.4
                0x0000376a       0x2b ./drivers/fsl_common_arm.o
 *fill*         0x0000376a        0x2 ff
 .rodata.s_flexcommBaseAddrs
                0x0000376c       0x24 ./drivers/fsl_flexcomm.o
 .rodata.FLEXCOMM_GetInstance.str1.4
                0x00003790       0x41 ./drivers/fsl_flexcomm.o
 .rodata.FLEXCOMM0_DriverIRQHandler.str1.4
                0x00003790       0x3c ./drivers/fsl_flexcomm.o
 .rodata.FLEXCOMM1_DriverIRQHandler.str1.4
                0x00003790       0x3c ./drivers/fsl_flexcomm.o
 .rodata.FLEXCOMM2_DriverIRQHandler.str1.4
                0x00003790       0x3c ./drivers/fsl_flexcomm.o
 .rodata.FLEXCOMM3_DriverIRQHandler.str1.4
                0x00003790       0x3c ./drivers/fsl_flexcomm.o
 .rodata.FLEXCOMM4_DriverIRQHandler.str1.4
                0x00003790       0x3c ./drivers/fsl_flexcomm.o
 .rodata.FLEXCOMM5_DriverIRQHandler.str1.4
                0x00003790       0x3c ./drivers/fsl_flexcomm.o
 .rodata.FLEXCOMM6_DriverIRQHandler.str1.4
                0x00003790       0x3c ./drivers/fsl_flexcomm.o
 .rodata.FLEXCOMM7_DriverIRQHandler.str1.4
                0x00003790       0x3c ./drivers/fsl_flexcomm.o
 .rodata.FLEXCOMM8_DriverIRQHandler.str1.4
                0x00003790       0x3c ./drivers/fsl_flexcomm.o
 .rodata.s_pintBases
                0x00003790        0x8 ./drivers/fsl_pint.o
 .rodata.s_pintResets
                0x00003798        0x8 ./drivers/fsl_pint.o
 .rodata.s_pintIRQ
                0x000037a0        0xa ./drivers/fsl_pint.o
 .rodata.PINT_GetInstance.str1.4
                0x000037aa       0x33 ./drivers/fsl_pint.o
 .rodata.PINT_Init.str1.4
                0x000037aa       0x1e ./drivers/fsl_pint.o
 .rodata.PINT_PinInterruptConfig.str1.4
                0x000037aa       0x1e ./drivers/fsl_pint.o
 .rodata.PINT_EnableCallbackByIndex.str1.4
                0x000037aa       0x1e ./drivers/fsl_pint.o
 .rodata.RESET_ClearPeripheralReset.str1.4
                0x000037aa       0x1e ./drivers/fsl_reset.o
 *fill*         0x000037aa        0x2 ff
 .rodata.__num_Ciob_streams
                0x000037ac        0x4 C:/nxp/MCUXpressoIDE_11.10.0_3148/ide/plugins/com.nxp.mcuxpresso.tools.win32_11.10.0.202311280810/tools/bin/../lib/gcc/arm-none-eabi/13.2.1/../../../../arm-none-eabi/lib/thumb/v8-m.main+fp/hard\libcr_semihost_nf.a(__ciob.o)
                0x000037ac                __num_Ciob_streams
 .rodata._Csys_alloc.str1.1
                0x000037b0       0x53 C:/nxp/MCUXpressoIDE_11.10.0_3148/ide/plugins/com.nxp.mcuxpresso.tools.win32_11.10.0.202311280810/tools/bin/../lib/gcc/arm-none-eabi/13.2.1/../../../../arm-none-eabi/lib/thumb/v8-m.main+fp/hard\libcr_c.a(alloc.o)
                                 0x18 (size before relaxing)
 .rodata._initio.str1.1
                0x00003803        0x4 C:/nxp/MCUXpressoIDE_11.10.0_3148/ide/plugins/com.nxp.mcuxpresso.tools.win32_11.10.0.202311280810/tools/bin/../lib/gcc/arm-none-eabi/13.2.1/../../../../arm-none-eabi/lib/thumb/v8-m.main+fp/hard\libcr_c.a(initio.o)
 .rodata.__vfprintf.str1.1
                0x00003803       0x38 C:/nxp/MCUXpressoIDE_11.10.0_3148/ide/plugins/com.nxp.mcuxpresso.tools.win32_11.10.0.202311280810/tools/bin/../lib/gcc/arm-none-eabi/13.2.1/../../../../arm-none-eabi/lib/thumb/v8-m.main+fp/hard\libcr_c.a(printf.o)
                0x0000383c                        . = ALIGN (0x4)
 *fill*         0x00003803        0x1 ff

.glue_7         0x00003804        0x0
 .glue_7        0x00003804        0x0 linker stubs

.glue_7t        0x00003804        0x0
 .glue_7t       0x00003804        0x0 linker stubs

.vfp11_veneer   0x00003804        0x0
 .vfp11_veneer  0x00003804        0x0 linker stubs

.v4_bx          0x00003804        0x0
 .v4_bx         0x00003804        0x0 linker stubs

.iplt           0x00003804        0x0
 .iplt          0x00003804        0x0 ./utilities/fsl_assert.o

.rel.dyn        0x00003804        0x0
 .rel.iplt      0x00003804        0x0 ./utilities/fsl_assert.o

.ARM.extab
 *(SORT_BY_ALIGNMENT(.ARM.extab*) SORT_BY_ALIGNMENT(.gnu.linkonce.armextab.*))

.ARM.exidx      0x00003804        0x0
                0x00003804                        __exidx_start = .
 *(SORT_BY_ALIGNMENT(.ARM.exidx*) SORT_BY_ALIGNMENT(.gnu.linkonce.armexidx.*))
                0x00003804                        __exidx_end = .
                0x00003804                        _etext = .

.m_usb_data
 *(SORT_BY_ALIGNMENT(m_usb_global))

.data_RAM2      0x04000000        0x0 load address 0x00003804
 FILL mask 0xff
                [!provide]                        PROVIDE (__start_data_RAM2 = .)
                [!provide]                        PROVIDE (__start_data_SRAMX = .)
 *(SORT_BY_ALIGNMENT(.ramfunc.$RAM2))
 *(SORT_BY_ALIGNMENT(.ramfunc.$SRAMX))
 *(SORT_BY_ALIGNMENT(.data.$RAM2))
 *(SORT_BY_ALIGNMENT(.data.$SRAMX))
 *(SORT_BY_ALIGNMENT(.data.$RAM2.*))
 *(SORT_BY_ALIGNMENT(.data.$SRAMX.*))
                0x04000000                        . = ALIGN (0x4)
                [!provide]                        PROVIDE (__end_data_RAM2 = .)
                [!provide]                        PROVIDE (__end_data_SRAMX = .)

.data_RAM3      0x40100000        0x0 load address 0x00003804
 FILL mask 0xff
                [!provide]                        PROVIDE (__start_data_RAM3 = .)
                [!provide]                        PROVIDE (__start_data_USB_RAM = .)
 *(SORT_BY_ALIGNMENT(.ramfunc.$RAM3))
 *(SORT_BY_ALIGNMENT(.ramfunc.$USB_RAM))
 *(SORT_BY_ALIGNMENT(.data.$RAM3))
 *(SORT_BY_ALIGNMENT(.data.$USB_RAM))
 *(SORT_BY_ALIGNMENT(.data.$RAM3.*))
 *(SORT_BY_ALIGNMENT(.data.$USB_RAM.*))
                0x40100000                        . = ALIGN (0x4)
                [!provide]                        PROVIDE (__end_data_RAM3 = .)
                [!provide]                        PROVIDE (__end_data_USB_RAM = .)

.data_RAM4      0x20040000        0x0 load address 0x00003804
 FILL mask 0xff
                [!provide]                        PROVIDE (__start_data_RAM4 = .)
                [!provide]                        PROVIDE (__start_data_SRAM4 = .)
 *(SORT_BY_ALIGNMENT(.ramfunc.$RAM4))
 *(SORT_BY_ALIGNMENT(.ramfunc.$SRAM4))
 *(SORT_BY_ALIGNMENT(.data.$RAM4))
 *(SORT_BY_ALIGNMENT(.data.$SRAM4))
 *(SORT_BY_ALIGNMENT(.data.$RAM4.*))
 *(SORT_BY_ALIGNMENT(.data.$SRAM4.*))
                0x20040000                        . = ALIGN (0x4)
                [!provide]                        PROVIDE (__end_data_RAM4 = .)
                [!provide]                        PROVIDE (__end_data_SRAM4 = .)

.uninit_RESERVED
                0x20000000        0x0
                0x20000000                        _start_uninit_RESERVED = .
 *(SORT_BY_ALIGNMENT(.bss.$RESERVED*))
                0x20000000                        . = ALIGN (0x4)
                0x20000000                        _end_uninit_RESERVED = .

.data           0x20000000        0x8 load address 0x00003804
 FILL mask 0xff
                0x20000000                        _data = .
                [!provide]                        PROVIDE (__start_data_RAM = .)
                [!provide]                        PROVIDE (__start_data_SRAM = .)
 *(SORT_BY_ALIGNMENT(vtable))
 *(SORT_BY_ALIGNMENT(.ramfunc*))
 *(SORT_BY_ALIGNMENT(CodeQuickAccess))
 *(SORT_BY_ALIGNMENT(DataQuickAccess))
 *(SORT_BY_ALIGNMENT(RamFunction))
 *(SORT_BY_ALIGNMENT(.data*))
 .data.s_Ext_Clk_Freq
                0x20000000        0x4 ./drivers/fsl_clock.o
 .data.SystemCoreClock
                0x20000004        0x4 ./device/system_LPC55S69_cm33_core0.o
                0x20000004                SystemCoreClock
                0x20000008                        . = ALIGN (0x4)
                0x20000008                        _edata = .
                [!provide]                        PROVIDE (__end_data_RAM = .)
                [!provide]                        PROVIDE (__end_data_SRAM = .)

.igot.plt       0x20000008        0x0 load address 0x0000380c
 .igot.plt      0x20000008        0x0 ./utilities/fsl_assert.o

.bss_RAM2       0x04000000        0x0
                [!provide]                        PROVIDE (__start_bss_RAM2 = .)
                [!provide]                        PROVIDE (__start_bss_SRAMX = .)
 *(SORT_BY_ALIGNMENT(.bss.$RAM2))
 *(SORT_BY_ALIGNMENT(.bss.$SRAMX))
 *(SORT_BY_ALIGNMENT(.bss.$RAM2.*))
 *(SORT_BY_ALIGNMENT(.bss.$SRAMX.*))
                0x04000000                        . = ALIGN ((. != 0x0)?0x4:0x1)
                [!provide]                        PROVIDE (__end_bss_RAM2 = .)
                [!provide]                        PROVIDE (__end_bss_SRAMX = .)

.bss_RAM3       0x40100000        0x0
                [!provide]                        PROVIDE (__start_bss_RAM3 = .)
                [!provide]                        PROVIDE (__start_bss_USB_RAM = .)
 *(SORT_BY_ALIGNMENT(.bss.$RAM3))
 *(SORT_BY_ALIGNMENT(.bss.$USB_RAM))
 *(SORT_BY_ALIGNMENT(.bss.$RAM3.*))
 *(SORT_BY_ALIGNMENT(.bss.$USB_RAM.*))
                0x40100000                        . = ALIGN ((. != 0x0)?0x4:0x1)
                [!provide]                        PROVIDE (__end_bss_RAM3 = .)
                [!provide]                        PROVIDE (__end_bss_USB_RAM = .)

.bss_RAM4       0x20040000        0x0
                [!provide]                        PROVIDE (__start_bss_RAM4 = .)
                [!provide]                        PROVIDE (__start_bss_SRAM4 = .)
 *(SORT_BY_ALIGNMENT(.bss.$RAM4))
 *(SORT_BY_ALIGNMENT(.bss.$SRAM4))
 *(SORT_BY_ALIGNMENT(.bss.$RAM4.*))
 *(SORT_BY_ALIGNMENT(.bss.$SRAM4.*))
                0x20040000                        . = ALIGN ((. != 0x0)?0x4:0x1)
                [!provide]                        PROVIDE (__end_bss_RAM4 = .)
                [!provide]                        PROVIDE (__end_bss_SRAM4 = .)

.bss            0x20000008      0x138
                0x20000008                        _bss = .
                [!provide]                        PROVIDE (__start_bss_RAM = .)
                [!provide]                        PROVIDE (__start_bss_SRAM = .)
 *(SORT_BY_ALIGNMENT(.bss*))
 .bss.i.0       0x20000008        0x4 ./source/LPC55S69_Project_plss.o
 .bss.s_Pll0_Freq
                0x2000000c        0x4 ./drivers/fsl_clock.o
 .bss.s_flexcommIrqHandler
                0x20000010       0x24 ./drivers/fsl_flexcomm.o
 .bss.s_flexcommHandle
                0x20000034       0x24 ./drivers/fsl_flexcomm.o
 .bss.s_secpintCallback
                0x20000058        0x8 ./drivers/fsl_pint.o
 .bss.s_pintCallback
                0x20000060       0x20 ./drivers/fsl_pint.o
 .bss.errno     0x20000080        0x4 C:/nxp/MCUXpressoIDE_11.10.0_3148/ide/plugins/com.nxp.mcuxpresso.tools.win32_11.10.0.202311280810/tools/bin/../lib/gcc/arm-none-eabi/13.2.1/../../../../arm-none-eabi/lib/thumb/v8-m.main+fp/hard\libcr_c.a(errno.o)
                0x20000080                errno
 .bss.__end_of_heap
                0x20000084        0x4 C:/nxp/MCUXpressoIDE_11.10.0_3148/ide/plugins/com.nxp.mcuxpresso.tools.win32_11.10.0.202311280810/tools/bin/../lib/gcc/arm-none-eabi/13.2.1/../../../../arm-none-eabi/lib/thumb/v8-m.main+fp/hard\libcr_c.a(__init_alloc.o)
                0x20000084                __end_of_heap
 .bss.__heaps   0x20000088        0x4 C:/nxp/MCUXpressoIDE_11.10.0_3148/ide/plugins/com.nxp.mcuxpresso.tools.win32_11.10.0.202311280810/tools/bin/../lib/gcc/arm-none-eabi/13.2.1/../../../../arm-none-eabi/lib/thumb/v8-m.main+fp/hard\libcr_c.a(__init_alloc.o)
                0x20000088                __heaps
 .bss.__Ciob    0x2000008c       0xb4 C:/nxp/MCUXpressoIDE_11.10.0_3148/ide/plugins/com.nxp.mcuxpresso.tools.win32_11.10.0.202311280810/tools/bin/../lib/gcc/arm-none-eabi/13.2.1/../../../../arm-none-eabi/lib/thumb/v8-m.main+fp/hard\libcr_semihost_nf.a(__ciob.o)
                0x2000008c                __Ciob
 *(SORT_BY_ALIGNMENT(COMMON))
                0x20000140                        . = ALIGN (0x4)
                0x20000140                        _ebss = .
                [!provide]                        PROVIDE (__end_bss_RAM = .)
                [!provide]                        PROVIDE (__end_bss_SRAM = .)
                [!provide]                        PROVIDE (end = .)

.noinit_RAM2    0x04000000        0x0
                [!provide]                        PROVIDE (__start_noinit_RAM2 = .)
                [!provide]                        PROVIDE (__start_noinit_SRAMX = .)
 *(SORT_BY_ALIGNMENT(.noinit.$RAM2))
 *(SORT_BY_ALIGNMENT(.noinit.$SRAMX))
 *(SORT_BY_ALIGNMENT(.noinit.$RAM2.*))
 *(SORT_BY_ALIGNMENT(.noinit.$SRAMX.*))
                0x04000000                        . = ALIGN (0x4)
                [!provide]                        PROVIDE (__end_noinit_RAM2 = .)
                [!provide]                        PROVIDE (__end_noinit_SRAMX = .)

.noinit_RAM3    0x40100000        0x0
                [!provide]                        PROVIDE (__start_noinit_RAM3 = .)
                [!provide]                        PROVIDE (__start_noinit_USB_RAM = .)
 *(SORT_BY_ALIGNMENT(.noinit.$RAM3))
 *(SORT_BY_ALIGNMENT(.noinit.$USB_RAM))
 *(SORT_BY_ALIGNMENT(.noinit.$RAM3.*))
 *(SORT_BY_ALIGNMENT(.noinit.$USB_RAM.*))
                0x40100000                        . = ALIGN (0x4)
                [!provide]                        PROVIDE (__end_noinit_RAM3 = .)
                [!provide]                        PROVIDE (__end_noinit_USB_RAM = .)

.noinit_RAM4    0x20040000        0x0
                [!provide]                        PROVIDE (__start_noinit_RAM4 = .)
                [!provide]                        PROVIDE (__start_noinit_SRAM4 = .)
 *(SORT_BY_ALIGNMENT(.noinit.$RAM4))
 *(SORT_BY_ALIGNMENT(.noinit.$SRAM4))
 *(SORT_BY_ALIGNMENT(.noinit.$RAM4.*))
 *(SORT_BY_ALIGNMENT(.noinit.$SRAM4.*))
                0x20040000                        . = ALIGN (0x4)
                [!provide]                        PROVIDE (__end_noinit_RAM4 = .)
                [!provide]                        PROVIDE (__end_noinit_SRAM4 = .)

.noinit         0x20000140        0x0
                0x20000140                        _noinit = .
                [!provide]                        PROVIDE (__start_noinit_RAM = .)
                [!provide]                        PROVIDE (__start_noinit_SRAM = .)
 *(SORT_BY_ALIGNMENT(.noinit*))
                0x20000140                        . = ALIGN (0x4)
                0x20000140                        _end_noinit = .
                [!provide]                        PROVIDE (__end_noinit_RAM = .)
                [!provide]                        PROVIDE (__end_noinit_SRAM = .)
                0x00001000                        _HeapSize = 0x1000

.heap           0x20000140     0x1000
                0x20000140                        _pvHeapStart = .
                0x20001140                        . = (. + _HeapSize)
 *fill*         0x20000140     0x1000 
                0x20001140                        . = ALIGN (0x4)
                0x20001140                        _pvHeapLimit = .
                0x00001000                        _StackSize = 0x1000

.heap2stackfill
                0x20001140     0x1000
                0x20002140                        . = (. + _StackSize)
 *fill*         0x20001140     0x1000 

.stack          0x2003f000        0x0
                0x2003f000                        _vStackBase = .
                0x2003f000                        . = ALIGN (0x4)
                0x20040000                        _vStackTop = (. + _StackSize)
                [!provide]                        PROVIDE (__valid_user_code_checksum = (0x0 - ((((((_vStackTop + (ResetISR + 0x1)) + (NMI_Handler + 0x1)) + (HardFault_Handler + 0x1)) + (DEFINED (MemManage_Handler)?MemManage_Handler:0x0 + 0x1)) + (DEFINED (BusFault_Handler)?BusFault_Handler:0x0 + 0x1)) + (DEFINED (UsageFault_Handler)?UsageFault_Handler:0x0 + 0x1))))
                0x00000000                        _image_start = LOADADDR (.text)
                0x0000380c                        _image_end = (LOADADDR (.data) + SIZEOF (.data))
                0x0000380c                        _image_size = (_image_end - _image_start)
OUTPUT(LPC55S69_Project_plss.axf elf32-littlearm)
LOAD linker stubs

.debug_info     0x00000000    0x18131
 .debug_info    0x00000000      0x135 ./utilities/fsl_assert.o
 .debug_info    0x00000135      0x9d0 ./startup/startup_lpc55s69_cm33_core0.o
 .debug_info    0x00000b05      0x18f ./source/LPC55S69_Project_plss.o
 .debug_info    0x00000c94       0x3c ./source/semihost_hardfault.o
 .debug_info    0x00000cd0     0x340f ./drivers/fsl_clock.o
 .debug_info    0x000040df      0x623 ./drivers/fsl_common_arm.o
 .debug_info    0x00004702     0x1b2e ./drivers/fsl_flexcomm.o
 .debug_info    0x00006230     0x27e4 ./drivers/fsl_inputmux.o
 .debug_info    0x00008a14     0x2523 ./drivers/fsl_pint.o
 .debug_info    0x0000af37     0x2b16 ./drivers/fsl_power.o
 .debug_info    0x0000da4d      0xf02 ./drivers/fsl_reset.o
 .debug_info    0x0000e94f     0x14f8 ./device/system_LPC55S69_cm33_core0.o
 .debug_info    0x0000fe47      0x94e ./board/board.o
 .debug_info    0x00010795     0x181c ./board/clock_config.o
 .debug_info    0x00011fb1      0x2b4 ./board/peripherals.o
 .debug_info    0x00012265     0x240f ./board/pin_mux.o
 .debug_info    0x00014674       0x85 C:/nxp/MCUXpressoIDE_11.10.0_3148/ide/plugins/com.nxp.mcuxpresso.tools.win32_11.10.0.202311280810/tools/bin/../lib/gcc/arm-none-eabi/13.2.1/../../../../arm-none-eabi/lib/thumb/v8-m.main+fp/hard\libcr_semihost_nf.a(_cr__main.o)
 .debug_info    0x000146f9       0xfc C:/nxp/MCUXpressoIDE_11.10.0_3148/ide/plugins/com.nxp.mcuxpresso.tools.win32_11.10.0.202311280810/tools/bin/../lib/gcc/arm-none-eabi/13.2.1/../../../../arm-none-eabi/lib/thumb/v8-m.main+fp/hard\libcr_c.a(memset.o)
 .debug_info    0x000147f5      0x520 C:/nxp/MCUXpressoIDE_11.10.0_3148/ide/plugins/com.nxp.mcuxpresso.tools.win32_11.10.0.202311280810/tools/bin/../lib/gcc/arm-none-eabi/13.2.1/../../../../arm-none-eabi/lib/thumb/v8-m.main+fp/hard\libcr_c.a(alloc.o)
 .debug_info    0x00014d15       0x44 C:/nxp/MCUXpressoIDE_11.10.0_3148/ide/plugins/com.nxp.mcuxpresso.tools.win32_11.10.0.202311280810/tools/bin/../lib/gcc/arm-none-eabi/13.2.1/../../../../arm-none-eabi/lib/thumb/v8-m.main+fp/hard\libcr_c.a(errno.o)
 .debug_info    0x00014d59      0x339 C:/nxp/MCUXpressoIDE_11.10.0_3148/ide/plugins/com.nxp.mcuxpresso.tools.win32_11.10.0.202311280810/tools/bin/../lib/gcc/arm-none-eabi/13.2.1/../../../../arm-none-eabi/lib/thumb/v8-m.main+fp/hard\libcr_c.a(initio.o)
 .debug_info    0x00015092     0x1284 C:/nxp/MCUXpressoIDE_11.10.0_3148/ide/plugins/com.nxp.mcuxpresso.tools.win32_11.10.0.202311280810/tools/bin/../lib/gcc/arm-none-eabi/13.2.1/../../../../arm-none-eabi/lib/thumb/v8-m.main+fp/hard\libcr_c.a(printf.o)
 .debug_info    0x00016316      0x1fd C:/nxp/MCUXpressoIDE_11.10.0_3148/ide/plugins/com.nxp.mcuxpresso.tools.win32_11.10.0.202311280810/tools/bin/../lib/gcc/arm-none-eabi/13.2.1/../../../../arm-none-eabi/lib/thumb/v8-m.main+fp/hard\libcr_c.a(setvbuf.o)
 .debug_info    0x00016513       0xe1 C:/nxp/MCUXpressoIDE_11.10.0_3148/ide/plugins/com.nxp.mcuxpresso.tools.win32_11.10.0.202311280810/tools/bin/../lib/gcc/arm-none-eabi/13.2.1/../../../../arm-none-eabi/lib/thumb/v8-m.main+fp/hard\libcr_c.a(strlen.o)
 .debug_info    0x000165f4       0xd4 C:/nxp/MCUXpressoIDE_11.10.0_3148/ide/plugins/com.nxp.mcuxpresso.tools.win32_11.10.0.202311280810/tools/bin/../lib/gcc/arm-none-eabi/13.2.1/../../../../arm-none-eabi/lib/thumb/v8-m.main+fp/hard\libcr_c.a(__init_alloc.o)
 .debug_info    0x000166c8      0x107 C:/nxp/MCUXpressoIDE_11.10.0_3148/ide/plugins/com.nxp.mcuxpresso.tools.win32_11.10.0.202311280810/tools/bin/../lib/gcc/arm-none-eabi/13.2.1/../../../../arm-none-eabi/lib/thumb/v8-m.main+fp/hard\libcr_c.a(_cr_sbrk.o)
 .debug_info    0x000167cf      0x369 C:/nxp/MCUXpressoIDE_11.10.0_3148/ide/plugins/com.nxp.mcuxpresso.tools.win32_11.10.0.202311280810/tools/bin/../lib/gcc/arm-none-eabi/13.2.1/../../../../arm-none-eabi/lib/thumb/v8-m.main+fp/hard\libcr_c.a(_deferredlazyseek.o)
 .debug_info    0x00016b38      0x24b C:/nxp/MCUXpressoIDE_11.10.0_3148/ide/plugins/com.nxp.mcuxpresso.tools.win32_11.10.0.202311280810/tools/bin/../lib/gcc/arm-none-eabi/13.2.1/../../../../arm-none-eabi/lib/thumb/v8-m.main+fp/hard\libcr_c.a(_fdopen.o)
 .debug_info    0x00016d83      0x1e3 C:/nxp/MCUXpressoIDE_11.10.0_3148/ide/plugins/com.nxp.mcuxpresso.tools.win32_11.10.0.202311280810/tools/bin/../lib/gcc/arm-none-eabi/13.2.1/../../../../arm-none-eabi/lib/thumb/v8-m.main+fp/hard\libcr_c.a(_fflush.o)
 .debug_info    0x00016f66      0x289 C:/nxp/MCUXpressoIDE_11.10.0_3148/ide/plugins/com.nxp.mcuxpresso.tools.win32_11.10.0.202311280810/tools/bin/../lib/gcc/arm-none-eabi/13.2.1/../../../../arm-none-eabi/lib/thumb/v8-m.main+fp/hard\libcr_c.a(_writebuf.o)
 .debug_info    0x000171ef      0x318 C:/nxp/MCUXpressoIDE_11.10.0_3148/ide/plugins/com.nxp.mcuxpresso.tools.win32_11.10.0.202311280810/tools/bin/../lib/gcc/arm-none-eabi/13.2.1/../../../../arm-none-eabi/lib/thumb/v8-m.main+fp/hard\libcr_c.a(fclose.o)
 .debug_info    0x00017507      0x209 C:/nxp/MCUXpressoIDE_11.10.0_3148/ide/plugins/com.nxp.mcuxpresso.tools.win32_11.10.0.202311280810/tools/bin/../lib/gcc/arm-none-eabi/13.2.1/../../../../arm-none-eabi/lib/thumb/v8-m.main+fp/hard\libcr_c.a(fflush.o)
 .debug_info    0x00017710      0x276 C:/nxp/MCUXpressoIDE_11.10.0_3148/ide/plugins/com.nxp.mcuxpresso.tools.win32_11.10.0.202311280810/tools/bin/../lib/gcc/arm-none-eabi/13.2.1/../../../../arm-none-eabi/lib/thumb/v8-m.main+fp/hard\libcr_c.a(fseek.o)
 .debug_info    0x00017986      0x197 C:/nxp/MCUXpressoIDE_11.10.0_3148/ide/plugins/com.nxp.mcuxpresso.tools.win32_11.10.0.202311280810/tools/bin/../lib/gcc/arm-none-eabi/13.2.1/../../../../arm-none-eabi/lib/thumb/v8-m.main+fp/hard\libcr_c.a(ftell.o)
 .debug_info    0x00017b1d      0x1d7 C:/nxp/MCUXpressoIDE_11.10.0_3148/ide/plugins/com.nxp.mcuxpresso.tools.win32_11.10.0.202311280810/tools/bin/../lib/gcc/arm-none-eabi/13.2.1/../../../../arm-none-eabi/lib/thumb/v8-m.main+fp/hard\libcr_c.a(remove.o)
 .debug_info    0x00017cf4       0x78 C:/nxp/MCUXpressoIDE_11.10.0_3148/ide/plugins/com.nxp.mcuxpresso.tools.win32_11.10.0.202311280810/tools/bin/../lib/gcc/arm-none-eabi/13.2.1/../../../../arm-none-eabi/lib/thumb/v8-m.main+fp/hard\libcr_c.a(_cr_check_heap.o)
 .debug_info    0x00017d6c      0x23a C:/nxp/MCUXpressoIDE_11.10.0_3148/ide/plugins/com.nxp.mcuxpresso.tools.win32_11.10.0.202311280810/tools/bin/../lib/gcc/arm-none-eabi/13.2.1/../../../../arm-none-eabi/lib/thumb/v8-m.main+fp/hard\libcr_c.a(_do_fflush.o)
 .debug_info    0x00017fa6      0x18b C:/nxp/MCUXpressoIDE_11.10.0_3148/ide/plugins/com.nxp.mcuxpresso.tools.win32_11.10.0.202311280810/tools/bin/../lib/gcc/arm-none-eabi/13.2.1/../../../../arm-none-eabi/lib/thumb/v8-m.main+fp/hard\libcr_semihost_nf.a(__ciob.o)

.debug_abbrev   0x00000000     0x371e
 .debug_abbrev  0x00000000       0xbd ./utilities/fsl_assert.o
 .debug_abbrev  0x000000bd      0x147 ./startup/startup_lpc55s69_cm33_core0.o
 .debug_abbrev  0x00000204      0x101 ./source/LPC55S69_Project_plss.o
 .debug_abbrev  0x00000305       0x31 ./source/semihost_hardfault.o
 .debug_abbrev  0x00000336      0x3a8 ./drivers/fsl_clock.o
 .debug_abbrev  0x000006de      0x17b ./drivers/fsl_common_arm.o
 .debug_abbrev  0x00000859      0x2be ./drivers/fsl_flexcomm.o
 .debug_abbrev  0x00000b17      0x252 ./drivers/fsl_inputmux.o
 .debug_abbrev  0x00000d69      0x362 ./drivers/fsl_pint.o
 .debug_abbrev  0x000010cb      0x368 ./drivers/fsl_power.o
 .debug_abbrev  0x00001433      0x182 ./drivers/fsl_reset.o
 .debug_abbrev  0x000015b5      0x216 ./device/system_LPC55S69_cm33_core0.o
 .debug_abbrev  0x000017cb      0x120 ./board/board.o
 .debug_abbrev  0x000018eb      0x226 ./board/clock_config.o
 .debug_abbrev  0x00001b11      0x116 ./board/peripherals.o
 .debug_abbrev  0x00001c27      0x2bd ./board/pin_mux.o
 .debug_abbrev  0x00001ee4       0x70 C:/nxp/MCUXpressoIDE_11.10.0_3148/ide/plugins/com.nxp.mcuxpresso.tools.win32_11.10.0.202311280810/tools/bin/../lib/gcc/arm-none-eabi/13.2.1/../../../../arm-none-eabi/lib/thumb/v8-m.main+fp/hard\libcr_semihost_nf.a(_cr__main.o)
 .debug_abbrev  0x00001f54       0xa8 C:/nxp/MCUXpressoIDE_11.10.0_3148/ide/plugins/com.nxp.mcuxpresso.tools.win32_11.10.0.202311280810/tools/bin/../lib/gcc/arm-none-eabi/13.2.1/../../../../arm-none-eabi/lib/thumb/v8-m.main+fp/hard\libcr_c.a(memset.o)
 .debug_abbrev  0x00001ffc      0x284 C:/nxp/MCUXpressoIDE_11.10.0_3148/ide/plugins/com.nxp.mcuxpresso.tools.win32_11.10.0.202311280810/tools/bin/../lib/gcc/arm-none-eabi/13.2.1/../../../../arm-none-eabi/lib/thumb/v8-m.main+fp/hard\libcr_c.a(alloc.o)
 .debug_abbrev  0x00002280       0x44 C:/nxp/MCUXpressoIDE_11.10.0_3148/ide/plugins/com.nxp.mcuxpresso.tools.win32_11.10.0.202311280810/tools/bin/../lib/gcc/arm-none-eabi/13.2.1/../../../../arm-none-eabi/lib/thumb/v8-m.main+fp/hard\libcr_c.a(errno.o)
 .debug_abbrev  0x000022c4      0x169 C:/nxp/MCUXpressoIDE_11.10.0_3148/ide/plugins/com.nxp.mcuxpresso.tools.win32_11.10.0.202311280810/tools/bin/../lib/gcc/arm-none-eabi/13.2.1/../../../../arm-none-eabi/lib/thumb/v8-m.main+fp/hard\libcr_c.a(initio.o)
 .debug_abbrev  0x0000242d      0x3c7 C:/nxp/MCUXpressoIDE_11.10.0_3148/ide/plugins/com.nxp.mcuxpresso.tools.win32_11.10.0.202311280810/tools/bin/../lib/gcc/arm-none-eabi/13.2.1/../../../../arm-none-eabi/lib/thumb/v8-m.main+fp/hard\libcr_c.a(printf.o)
 .debug_abbrev  0x000027f4       0xe1 C:/nxp/MCUXpressoIDE_11.10.0_3148/ide/plugins/com.nxp.mcuxpresso.tools.win32_11.10.0.202311280810/tools/bin/../lib/gcc/arm-none-eabi/13.2.1/../../../../arm-none-eabi/lib/thumb/v8-m.main+fp/hard\libcr_c.a(setvbuf.o)
 .debug_abbrev  0x000028d5       0xa7 C:/nxp/MCUXpressoIDE_11.10.0_3148/ide/plugins/com.nxp.mcuxpresso.tools.win32_11.10.0.202311280810/tools/bin/../lib/gcc/arm-none-eabi/13.2.1/../../../../arm-none-eabi/lib/thumb/v8-m.main+fp/hard\libcr_c.a(strlen.o)
 .debug_abbrev  0x0000297c       0xaf C:/nxp/MCUXpressoIDE_11.10.0_3148/ide/plugins/com.nxp.mcuxpresso.tools.win32_11.10.0.202311280810/tools/bin/../lib/gcc/arm-none-eabi/13.2.1/../../../../arm-none-eabi/lib/thumb/v8-m.main+fp/hard\libcr_c.a(__init_alloc.o)
 .debug_abbrev  0x00002a2b       0xd3 C:/nxp/MCUXpressoIDE_11.10.0_3148/ide/plugins/com.nxp.mcuxpresso.tools.win32_11.10.0.202311280810/tools/bin/../lib/gcc/arm-none-eabi/13.2.1/../../../../arm-none-eabi/lib/thumb/v8-m.main+fp/hard\libcr_c.a(_cr_sbrk.o)
 .debug_abbrev  0x00002afe      0x152 C:/nxp/MCUXpressoIDE_11.10.0_3148/ide/plugins/com.nxp.mcuxpresso.tools.win32_11.10.0.202311280810/tools/bin/../lib/gcc/arm-none-eabi/13.2.1/../../../../arm-none-eabi/lib/thumb/v8-m.main+fp/hard\libcr_c.a(_deferredlazyseek.o)
 .debug_abbrev  0x00002c50      0x119 C:/nxp/MCUXpressoIDE_11.10.0_3148/ide/plugins/com.nxp.mcuxpresso.tools.win32_11.10.0.202311280810/tools/bin/../lib/gcc/arm-none-eabi/13.2.1/../../../../arm-none-eabi/lib/thumb/v8-m.main+fp/hard\libcr_c.a(_fdopen.o)
 .debug_abbrev  0x00002d69       0xf1 C:/nxp/MCUXpressoIDE_11.10.0_3148/ide/plugins/com.nxp.mcuxpresso.tools.win32_11.10.0.202311280810/tools/bin/../lib/gcc/arm-none-eabi/13.2.1/../../../../arm-none-eabi/lib/thumb/v8-m.main+fp/hard\libcr_c.a(_fflush.o)
 .debug_abbrev  0x00002e5a      0x126 C:/nxp/MCUXpressoIDE_11.10.0_3148/ide/plugins/com.nxp.mcuxpresso.tools.win32_11.10.0.202311280810/tools/bin/../lib/gcc/arm-none-eabi/13.2.1/../../../../arm-none-eabi/lib/thumb/v8-m.main+fp/hard\libcr_c.a(_writebuf.o)
 .debug_abbrev  0x00002f80      0x155 C:/nxp/MCUXpressoIDE_11.10.0_3148/ide/plugins/com.nxp.mcuxpresso.tools.win32_11.10.0.202311280810/tools/bin/../lib/gcc/arm-none-eabi/13.2.1/../../../../arm-none-eabi/lib/thumb/v8-m.main+fp/hard\libcr_c.a(fclose.o)
 .debug_abbrev  0x000030d5      0x125 C:/nxp/MCUXpressoIDE_11.10.0_3148/ide/plugins/com.nxp.mcuxpresso.tools.win32_11.10.0.202311280810/tools/bin/../lib/gcc/arm-none-eabi/13.2.1/../../../../arm-none-eabi/lib/thumb/v8-m.main+fp/hard\libcr_c.a(fflush.o)
 .debug_abbrev  0x000031fa      0x11b C:/nxp/MCUXpressoIDE_11.10.0_3148/ide/plugins/com.nxp.mcuxpresso.tools.win32_11.10.0.202311280810/tools/bin/../lib/gcc/arm-none-eabi/13.2.1/../../../../arm-none-eabi/lib/thumb/v8-m.main+fp/hard\libcr_c.a(fseek.o)
 .debug_abbrev  0x00003315       0xc2 C:/nxp/MCUXpressoIDE_11.10.0_3148/ide/plugins/com.nxp.mcuxpresso.tools.win32_11.10.0.202311280810/tools/bin/../lib/gcc/arm-none-eabi/13.2.1/../../../../arm-none-eabi/lib/thumb/v8-m.main+fp/hard\libcr_c.a(ftell.o)
 .debug_abbrev  0x000033d7       0xfb C:/nxp/MCUXpressoIDE_11.10.0_3148/ide/plugins/com.nxp.mcuxpresso.tools.win32_11.10.0.202311280810/tools/bin/../lib/gcc/arm-none-eabi/13.2.1/../../../../arm-none-eabi/lib/thumb/v8-m.main+fp/hard\libcr_c.a(remove.o)
 .debug_abbrev  0x000034d2       0x6b C:/nxp/MCUXpressoIDE_11.10.0_3148/ide/plugins/com.nxp.mcuxpresso.tools.win32_11.10.0.202311280810/tools/bin/../lib/gcc/arm-none-eabi/13.2.1/../../../../arm-none-eabi/lib/thumb/v8-m.main+fp/hard\libcr_c.a(_cr_check_heap.o)
 .debug_abbrev  0x0000353d      0x12c C:/nxp/MCUXpressoIDE_11.10.0_3148/ide/plugins/com.nxp.mcuxpresso.tools.win32_11.10.0.202311280810/tools/bin/../lib/gcc/arm-none-eabi/13.2.1/../../../../arm-none-eabi/lib/thumb/v8-m.main+fp/hard\libcr_c.a(_do_fflush.o)
 .debug_abbrev  0x00003669       0xb5 C:/nxp/MCUXpressoIDE_11.10.0_3148/ide/plugins/com.nxp.mcuxpresso.tools.win32_11.10.0.202311280810/tools/bin/../lib/gcc/arm-none-eabi/13.2.1/../../../../arm-none-eabi/lib/thumb/v8-m.main+fp/hard\libcr_semihost_nf.a(__ciob.o)

.debug_aranges  0x00000000      0xd38
 .debug_aranges
                0x00000000       0x28 ./utilities/fsl_assert.o
 .debug_aranges
                0x00000028      0x268 ./startup/startup_lpc55s69_cm33_core0.o
 .debug_aranges
                0x00000290       0x28 ./source/LPC55S69_Project_plss.o
 .debug_aranges
                0x000002b8       0x20 ./source/semihost_hardfault.o
 .debug_aranges
                0x000002d8      0x228 ./drivers/fsl_clock.o
 .debug_aranges
                0x00000500       0x38 ./drivers/fsl_common_arm.o
 .debug_aranges
                0x00000538       0x90 ./drivers/fsl_flexcomm.o
 .debug_aranges
                0x000005c8       0x58 ./drivers/fsl_inputmux.o
 .debug_aranges
                0x00000620      0x138 ./drivers/fsl_pint.o
 .debug_aranges
                0x00000758       0xc8 ./drivers/fsl_power.o
 .debug_aranges
                0x00000820       0x30 ./drivers/fsl_reset.o
 .debug_aranges
                0x00000850       0x88 ./device/system_LPC55S69_cm33_core0.o
 .debug_aranges
                0x000008d8       0x30 ./board/board.o
 .debug_aranges
                0x00000908       0x50 ./board/clock_config.o
 .debug_aranges
                0x00000958       0x30 ./board/peripherals.o
 .debug_aranges
                0x00000988       0x78 ./board/pin_mux.o
 .debug_aranges
                0x00000a00       0x20 C:/nxp/MCUXpressoIDE_11.10.0_3148/ide/plugins/com.nxp.mcuxpresso.tools.win32_11.10.0.202311280810/tools/bin/../lib/gcc/arm-none-eabi/13.2.1/../../../../arm-none-eabi/lib/thumb/v8-m.main+fp/hard\libcr_semihost_nf.a(_cr__main.o)
 .debug_aranges
                0x00000a20       0x20 C:/nxp/MCUXpressoIDE_11.10.0_3148/ide/plugins/com.nxp.mcuxpresso.tools.win32_11.10.0.202311280810/tools/bin/../lib/gcc/arm-none-eabi/13.2.1/../../../../arm-none-eabi/lib/thumb/v8-m.main+fp/hard\libcr_c.a(memset.o)
 .debug_aranges
                0x00000a40       0x40 C:/nxp/MCUXpressoIDE_11.10.0_3148/ide/plugins/com.nxp.mcuxpresso.tools.win32_11.10.0.202311280810/tools/bin/../lib/gcc/arm-none-eabi/13.2.1/../../../../arm-none-eabi/lib/thumb/v8-m.main+fp/hard\libcr_c.a(alloc.o)
 .debug_aranges
                0x00000a80       0x18 C:/nxp/MCUXpressoIDE_11.10.0_3148/ide/plugins/com.nxp.mcuxpresso.tools.win32_11.10.0.202311280810/tools/bin/../lib/gcc/arm-none-eabi/13.2.1/../../../../arm-none-eabi/lib/thumb/v8-m.main+fp/hard\libcr_c.a(errno.o)
 .debug_aranges
                0x00000a98       0x28 C:/nxp/MCUXpressoIDE_11.10.0_3148/ide/plugins/com.nxp.mcuxpresso.tools.win32_11.10.0.202311280810/tools/bin/../lib/gcc/arm-none-eabi/13.2.1/../../../../arm-none-eabi/lib/thumb/v8-m.main+fp/hard\libcr_c.a(initio.o)
 .debug_aranges
                0x00000ac0       0x70 C:/nxp/MCUXpressoIDE_11.10.0_3148/ide/plugins/com.nxp.mcuxpresso.tools.win32_11.10.0.202311280810/tools/bin/../lib/gcc/arm-none-eabi/13.2.1/../../../../arm-none-eabi/lib/thumb/v8-m.main+fp/hard\libcr_c.a(printf.o)
 .debug_aranges
                0x00000b30       0x20 C:/nxp/MCUXpressoIDE_11.10.0_3148/ide/plugins/com.nxp.mcuxpresso.tools.win32_11.10.0.202311280810/tools/bin/../lib/gcc/arm-none-eabi/13.2.1/../../../../arm-none-eabi/lib/thumb/v8-m.main+fp/hard\libcr_c.a(setvbuf.o)
 .debug_aranges
                0x00000b50       0x20 C:/nxp/MCUXpressoIDE_11.10.0_3148/ide/plugins/com.nxp.mcuxpresso.tools.win32_11.10.0.202311280810/tools/bin/../lib/gcc/arm-none-eabi/13.2.1/../../../../arm-none-eabi/lib/thumb/v8-m.main+fp/hard\libcr_c.a(strlen.o)
 .debug_aranges
                0x00000b70       0x20 C:/nxp/MCUXpressoIDE_11.10.0_3148/ide/plugins/com.nxp.mcuxpresso.tools.win32_11.10.0.202311280810/tools/bin/../lib/gcc/arm-none-eabi/13.2.1/../../../../arm-none-eabi/lib/thumb/v8-m.main+fp/hard\libcr_c.a(__init_alloc.o)
 .debug_aranges
                0x00000b90       0x20 C:/nxp/MCUXpressoIDE_11.10.0_3148/ide/plugins/com.nxp.mcuxpresso.tools.win32_11.10.0.202311280810/tools/bin/../lib/gcc/arm-none-eabi/13.2.1/../../../../arm-none-eabi/lib/thumb/v8-m.main+fp/hard\libcr_c.a(_cr_sbrk.o)
 .debug_aranges
                0x00000bb0       0x28 C:/nxp/MCUXpressoIDE_11.10.0_3148/ide/plugins/com.nxp.mcuxpresso.tools.win32_11.10.0.202311280810/tools/bin/../lib/gcc/arm-none-eabi/13.2.1/../../../../arm-none-eabi/lib/thumb/v8-m.main+fp/hard\libcr_c.a(_deferredlazyseek.o)
 .debug_aranges
                0x00000bd8       0x20 C:/nxp/MCUXpressoIDE_11.10.0_3148/ide/plugins/com.nxp.mcuxpresso.tools.win32_11.10.0.202311280810/tools/bin/../lib/gcc/arm-none-eabi/13.2.1/../../../../arm-none-eabi/lib/thumb/v8-m.main+fp/hard\libcr_c.a(_fdopen.o)
 .debug_aranges
                0x00000bf8       0x20 C:/nxp/MCUXpressoIDE_11.10.0_3148/ide/plugins/com.nxp.mcuxpresso.tools.win32_11.10.0.202311280810/tools/bin/../lib/gcc/arm-none-eabi/13.2.1/../../../../arm-none-eabi/lib/thumb/v8-m.main+fp/hard\libcr_c.a(_fflush.o)
 .debug_aranges
                0x00000c18       0x20 C:/nxp/MCUXpressoIDE_11.10.0_3148/ide/plugins/com.nxp.mcuxpresso.tools.win32_11.10.0.202311280810/tools/bin/../lib/gcc/arm-none-eabi/13.2.1/../../../../arm-none-eabi/lib/thumb/v8-m.main+fp/hard\libcr_c.a(_writebuf.o)
 .debug_aranges
                0x00000c38       0x20 C:/nxp/MCUXpressoIDE_11.10.0_3148/ide/plugins/com.nxp.mcuxpresso.tools.win32_11.10.0.202311280810/tools/bin/../lib/gcc/arm-none-eabi/13.2.1/../../../../arm-none-eabi/lib/thumb/v8-m.main+fp/hard\libcr_c.a(fclose.o)
 .debug_aranges
                0x00000c58       0x20 C:/nxp/MCUXpressoIDE_11.10.0_3148/ide/plugins/com.nxp.mcuxpresso.tools.win32_11.10.0.202311280810/tools/bin/../lib/gcc/arm-none-eabi/13.2.1/../../../../arm-none-eabi/lib/thumb/v8-m.main+fp/hard\libcr_c.a(fflush.o)
 .debug_aranges
                0x00000c78       0x20 C:/nxp/MCUXpressoIDE_11.10.0_3148/ide/plugins/com.nxp.mcuxpresso.tools.win32_11.10.0.202311280810/tools/bin/../lib/gcc/arm-none-eabi/13.2.1/../../../../arm-none-eabi/lib/thumb/v8-m.main+fp/hard\libcr_c.a(fseek.o)
 .debug_aranges
                0x00000c98       0x20 C:/nxp/MCUXpressoIDE_11.10.0_3148/ide/plugins/com.nxp.mcuxpresso.tools.win32_11.10.0.202311280810/tools/bin/../lib/gcc/arm-none-eabi/13.2.1/../../../../arm-none-eabi/lib/thumb/v8-m.main+fp/hard\libcr_c.a(ftell.o)
 .debug_aranges
                0x00000cb8       0x28 C:/nxp/MCUXpressoIDE_11.10.0_3148/ide/plugins/com.nxp.mcuxpresso.tools.win32_11.10.0.202311280810/tools/bin/../lib/gcc/arm-none-eabi/13.2.1/../../../../arm-none-eabi/lib/thumb/v8-m.main+fp/hard\libcr_c.a(remove.o)
 .debug_aranges
                0x00000ce0       0x20 C:/nxp/MCUXpressoIDE_11.10.0_3148/ide/plugins/com.nxp.mcuxpresso.tools.win32_11.10.0.202311280810/tools/bin/../lib/gcc/arm-none-eabi/13.2.1/../../../../arm-none-eabi/lib/thumb/v8-m.main+fp/hard\libcr_c.a(_cr_check_heap.o)
 .debug_aranges
                0x00000d00       0x20 C:/nxp/MCUXpressoIDE_11.10.0_3148/ide/plugins/com.nxp.mcuxpresso.tools.win32_11.10.0.202311280810/tools/bin/../lib/gcc/arm-none-eabi/13.2.1/../../../../arm-none-eabi/lib/thumb/v8-m.main+fp/hard\libcr_c.a(_do_fflush.o)
 .debug_aranges
                0x00000d20       0x18 C:/nxp/MCUXpressoIDE_11.10.0_3148/ide/plugins/com.nxp.mcuxpresso.tools.win32_11.10.0.202311280810/tools/bin/../lib/gcc/arm-none-eabi/13.2.1/../../../../arm-none-eabi/lib/thumb/v8-m.main+fp/hard\libcr_semihost_nf.a(__ciob.o)

.debug_ranges   0x00000000      0xcd8
 .debug_ranges  0x00000000       0x18 ./utilities/fsl_assert.o
 .debug_ranges  0x00000018      0x258 ./startup/startup_lpc55s69_cm33_core0.o
 .debug_ranges  0x00000270       0x18 ./source/LPC55S69_Project_plss.o
 .debug_ranges  0x00000288       0x10 ./source/semihost_hardfault.o
 .debug_ranges  0x00000298      0x218 ./drivers/fsl_clock.o
 .debug_ranges  0x000004b0       0x28 ./drivers/fsl_common_arm.o
 .debug_ranges  0x000004d8       0x80 ./drivers/fsl_flexcomm.o
 .debug_ranges  0x00000558       0x48 ./drivers/fsl_inputmux.o
 .debug_ranges  0x000005a0      0x128 ./drivers/fsl_pint.o
 .debug_ranges  0x000006c8       0xb8 ./drivers/fsl_power.o
 .debug_ranges  0x00000780       0x20 ./drivers/fsl_reset.o
 .debug_ranges  0x000007a0       0x78 ./device/system_LPC55S69_cm33_core0.o
 .debug_ranges  0x00000818       0x20 ./board/board.o
 .debug_ranges  0x00000838       0x40 ./board/clock_config.o
 .debug_ranges  0x00000878       0x20 ./board/peripherals.o
 .debug_ranges  0x00000898       0x68 ./board/pin_mux.o
 .debug_ranges  0x00000900       0x10 C:/nxp/MCUXpressoIDE_11.10.0_3148/ide/plugins/com.nxp.mcuxpresso.tools.win32_11.10.0.202311280810/tools/bin/../lib/gcc/arm-none-eabi/13.2.1/../../../../arm-none-eabi/lib/thumb/v8-m.main+fp/hard\libcr_semihost_nf.a(_cr__main.o)
 .debug_ranges  0x00000910       0x10 C:/nxp/MCUXpressoIDE_11.10.0_3148/ide/plugins/com.nxp.mcuxpresso.tools.win32_11.10.0.202311280810/tools/bin/../lib/gcc/arm-none-eabi/13.2.1/../../../../arm-none-eabi/lib/thumb/v8-m.main+fp/hard\libcr_c.a(memset.o)
 .debug_ranges  0x00000920       0x48 C:/nxp/MCUXpressoIDE_11.10.0_3148/ide/plugins/com.nxp.mcuxpresso.tools.win32_11.10.0.202311280810/tools/bin/../lib/gcc/arm-none-eabi/13.2.1/../../../../arm-none-eabi/lib/thumb/v8-m.main+fp/hard\libcr_c.a(alloc.o)
 .debug_ranges  0x00000968       0x18 C:/nxp/MCUXpressoIDE_11.10.0_3148/ide/plugins/com.nxp.mcuxpresso.tools.win32_11.10.0.202311280810/tools/bin/../lib/gcc/arm-none-eabi/13.2.1/../../../../arm-none-eabi/lib/thumb/v8-m.main+fp/hard\libcr_c.a(initio.o)
 .debug_ranges  0x00000980      0x210 C:/nxp/MCUXpressoIDE_11.10.0_3148/ide/plugins/com.nxp.mcuxpresso.tools.win32_11.10.0.202311280810/tools/bin/../lib/gcc/arm-none-eabi/13.2.1/../../../../arm-none-eabi/lib/thumb/v8-m.main+fp/hard\libcr_c.a(printf.o)
 .debug_ranges  0x00000b90       0x10 C:/nxp/MCUXpressoIDE_11.10.0_3148/ide/plugins/com.nxp.mcuxpresso.tools.win32_11.10.0.202311280810/tools/bin/../lib/gcc/arm-none-eabi/13.2.1/../../../../arm-none-eabi/lib/thumb/v8-m.main+fp/hard\libcr_c.a(setvbuf.o)
 .debug_ranges  0x00000ba0       0x10 C:/nxp/MCUXpressoIDE_11.10.0_3148/ide/plugins/com.nxp.mcuxpresso.tools.win32_11.10.0.202311280810/tools/bin/../lib/gcc/arm-none-eabi/13.2.1/../../../../arm-none-eabi/lib/thumb/v8-m.main+fp/hard\libcr_c.a(strlen.o)
 .debug_ranges  0x00000bb0       0x10 C:/nxp/MCUXpressoIDE_11.10.0_3148/ide/plugins/com.nxp.mcuxpresso.tools.win32_11.10.0.202311280810/tools/bin/../lib/gcc/arm-none-eabi/13.2.1/../../../../arm-none-eabi/lib/thumb/v8-m.main+fp/hard\libcr_c.a(__init_alloc.o)
 .debug_ranges  0x00000bc0       0x10 C:/nxp/MCUXpressoIDE_11.10.0_3148/ide/plugins/com.nxp.mcuxpresso.tools.win32_11.10.0.202311280810/tools/bin/../lib/gcc/arm-none-eabi/13.2.1/../../../../arm-none-eabi/lib/thumb/v8-m.main+fp/hard\libcr_c.a(_cr_sbrk.o)
 .debug_ranges  0x00000bd0       0x30 C:/nxp/MCUXpressoIDE_11.10.0_3148/ide/plugins/com.nxp.mcuxpresso.tools.win32_11.10.0.202311280810/tools/bin/../lib/gcc/arm-none-eabi/13.2.1/../../../../arm-none-eabi/lib/thumb/v8-m.main+fp/hard\libcr_c.a(_deferredlazyseek.o)
 .debug_ranges  0x00000c00       0x10 C:/nxp/MCUXpressoIDE_11.10.0_3148/ide/plugins/com.nxp.mcuxpresso.tools.win32_11.10.0.202311280810/tools/bin/../lib/gcc/arm-none-eabi/13.2.1/../../../../arm-none-eabi/lib/thumb/v8-m.main+fp/hard\libcr_c.a(_fdopen.o)
 .debug_ranges  0x00000c10       0x10 C:/nxp/MCUXpressoIDE_11.10.0_3148/ide/plugins/com.nxp.mcuxpresso.tools.win32_11.10.0.202311280810/tools/bin/../lib/gcc/arm-none-eabi/13.2.1/../../../../arm-none-eabi/lib/thumb/v8-m.main+fp/hard\libcr_c.a(_fflush.o)
 .debug_ranges  0x00000c20       0x10 C:/nxp/MCUXpressoIDE_11.10.0_3148/ide/plugins/com.nxp.mcuxpresso.tools.win32_11.10.0.202311280810/tools/bin/../lib/gcc/arm-none-eabi/13.2.1/../../../../arm-none-eabi/lib/thumb/v8-m.main+fp/hard\libcr_c.a(_writebuf.o)
 .debug_ranges  0x00000c30       0x10 C:/nxp/MCUXpressoIDE_11.10.0_3148/ide/plugins/com.nxp.mcuxpresso.tools.win32_11.10.0.202311280810/tools/bin/../lib/gcc/arm-none-eabi/13.2.1/../../../../arm-none-eabi/lib/thumb/v8-m.main+fp/hard\libcr_c.a(fclose.o)
 .debug_ranges  0x00000c40       0x28 C:/nxp/MCUXpressoIDE_11.10.0_3148/ide/plugins/com.nxp.mcuxpresso.tools.win32_11.10.0.202311280810/tools/bin/../lib/gcc/arm-none-eabi/13.2.1/../../../../arm-none-eabi/lib/thumb/v8-m.main+fp/hard\libcr_c.a(fflush.o)
 .debug_ranges  0x00000c68       0x10 C:/nxp/MCUXpressoIDE_11.10.0_3148/ide/plugins/com.nxp.mcuxpresso.tools.win32_11.10.0.202311280810/tools/bin/../lib/gcc/arm-none-eabi/13.2.1/../../../../arm-none-eabi/lib/thumb/v8-m.main+fp/hard\libcr_c.a(fseek.o)
 .debug_ranges  0x00000c78       0x10 C:/nxp/MCUXpressoIDE_11.10.0_3148/ide/plugins/com.nxp.mcuxpresso.tools.win32_11.10.0.202311280810/tools/bin/../lib/gcc/arm-none-eabi/13.2.1/../../../../arm-none-eabi/lib/thumb/v8-m.main+fp/hard\libcr_c.a(ftell.o)
 .debug_ranges  0x00000c88       0x18 C:/nxp/MCUXpressoIDE_11.10.0_3148/ide/plugins/com.nxp.mcuxpresso.tools.win32_11.10.0.202311280810/tools/bin/../lib/gcc/arm-none-eabi/13.2.1/../../../../arm-none-eabi/lib/thumb/v8-m.main+fp/hard\libcr_c.a(remove.o)
 .debug_ranges  0x00000ca0       0x10 C:/nxp/MCUXpressoIDE_11.10.0_3148/ide/plugins/com.nxp.mcuxpresso.tools.win32_11.10.0.202311280810/tools/bin/../lib/gcc/arm-none-eabi/13.2.1/../../../../arm-none-eabi/lib/thumb/v8-m.main+fp/hard\libcr_c.a(_cr_check_heap.o)
 .debug_ranges  0x00000cb0       0x28 C:/nxp/MCUXpressoIDE_11.10.0_3148/ide/plugins/com.nxp.mcuxpresso.tools.win32_11.10.0.202311280810/tools/bin/../lib/gcc/arm-none-eabi/13.2.1/../../../../arm-none-eabi/lib/thumb/v8-m.main+fp/hard\libcr_c.a(_do_fflush.o)

.debug_macro    0x00000000    0x17e12
 .debug_macro   0x00000000      0x18d ./utilities/fsl_assert.o
 .debug_macro   0x0000018d      0xb1a ./utilities/fsl_assert.o
 .debug_macro   0x00000ca7       0x10 ./utilities/fsl_assert.o
 .debug_macro   0x00000cb7       0x1c ./utilities/fsl_assert.o
 .debug_macro   0x00000cd3       0x22 ./utilities/fsl_assert.o
 .debug_macro   0x00000cf5      0x12e ./utilities/fsl_assert.o
 .debug_macro   0x00000e23      0x5b3 ./utilities/fsl_assert.o
 .debug_macro   0x000013d6       0x22 ./utilities/fsl_assert.o
 .debug_macro   0x000013f8       0x10 ./utilities/fsl_assert.o
 .debug_macro   0x00001408       0x46 ./utilities/fsl_assert.o
 .debug_macro   0x0000144e       0x1c ./utilities/fsl_assert.o
 .debug_macro   0x0000146a       0x29 ./utilities/fsl_assert.o
 .debug_macro   0x00001493       0xfb ./utilities/fsl_assert.o
 .debug_macro   0x0000158e     0x1685 ./utilities/fsl_assert.o
 .debug_macro   0x00002c13       0x5e ./utilities/fsl_assert.o
 .debug_macro   0x00002c71       0x2e ./utilities/fsl_assert.o
 .debug_macro   0x00002c9f    0x116e8 ./utilities/fsl_assert.o
 .debug_macro   0x00014387      0x4f1 ./utilities/fsl_assert.o
 .debug_macro   0x00014878       0x88 ./utilities/fsl_assert.o
 .debug_macro   0x00014900       0xaf ./utilities/fsl_assert.o
 .debug_macro   0x000149af      0x2ca ./utilities/fsl_assert.o
 .debug_macro   0x00014c79       0x16 ./utilities/fsl_assert.o
 .debug_macro   0x00014c8f      0x11f ./utilities/fsl_assert.o
 .debug_macro   0x00014dae       0x70 ./utilities/fsl_assert.o
 .debug_macro   0x00014e1e       0x47 ./utilities/fsl_assert.o
 .debug_macro   0x00014e65       0x16 ./utilities/fsl_assert.o
 .debug_macro   0x00014e7b       0x6d ./utilities/fsl_assert.o
 .debug_macro   0x00014ee8       0x16 ./utilities/fsl_assert.o
 .debug_macro   0x00014efe       0xd2 ./utilities/fsl_assert.o
 .debug_macro   0x00014fd0       0x1c ./utilities/fsl_assert.o
 .debug_macro   0x00014fec       0x29 ./startup/startup_lpc55s69_cm33_core0.o
 .debug_macro   0x00015015      0x1d7 ./source/LPC55S69_Project_plss.o
 .debug_macro   0x000151ec       0xd8 ./source/LPC55S69_Project_plss.o
 .debug_macro   0x000152c4      0x4a0 ./source/LPC55S69_Project_plss.o
 .debug_macro   0x00015764       0x10 ./source/LPC55S69_Project_plss.o
 .debug_macro   0x00015774       0xfe ./source/LPC55S69_Project_plss.o
 .debug_macro   0x00015872      0x1f0 ./source/LPC55S69_Project_plss.o
 .debug_macro   0x00015a62       0x64 ./source/LPC55S69_Project_plss.o
 .debug_macro   0x00015ac6       0x16 ./source/LPC55S69_Project_plss.o
 .debug_macro   0x00015adc      0x3eb ./source/LPC55S69_Project_plss.o
 .debug_macro   0x00015ec7       0x2e ./source/LPC55S69_Project_plss.o
 .debug_macro   0x00015ef5       0x11 ./source/semihost_hardfault.o
 .debug_macro   0x00015f06      0x1db ./drivers/fsl_clock.o
 .debug_macro   0x000160e1      0x304 ./drivers/fsl_clock.o
 .debug_macro   0x000163e5      0x13c ./drivers/fsl_common_arm.o
 .debug_macro   0x00016521      0x145 ./drivers/fsl_flexcomm.o
 .debug_macro   0x00016666       0x10 ./drivers/fsl_flexcomm.o
 .debug_macro   0x00016676      0x155 ./drivers/fsl_inputmux.o
 .debug_macro   0x000167cb       0x8e ./drivers/fsl_inputmux.o
 .debug_macro   0x00016859      0x157 ./drivers/fsl_pint.o
 .debug_macro   0x000169b0       0x5e ./drivers/fsl_pint.o
 .debug_macro   0x00016a0e      0x410 ./drivers/fsl_power.o
 .debug_macro   0x00016e1e      0x13c ./drivers/fsl_reset.o
 .debug_macro   0x00016f5a       0xc1 ./device/system_LPC55S69_cm33_core0.o
 .debug_macro   0x0001701b      0x1b7 ./board/board.o
 .debug_macro   0x000171d2      0x4a6 ./board/board.o
 .debug_macro   0x00017678      0x15c ./board/clock_config.o
 .debug_macro   0x000177d4      0x2fe ./board/clock_config.o
 .debug_macro   0x00017ad2      0x14e ./board/peripherals.o
 .debug_macro   0x00017c20      0x16a ./board/pin_mux.o
 .debug_macro   0x00017d8a       0x88 ./board/pin_mux.o

.debug_line     0x00000000     0xa1a5
 .debug_line    0x00000000      0x55e ./utilities/fsl_assert.o
 .debug_line    0x0000055e      0x794 ./startup/startup_lpc55s69_cm33_core0.o
 .debug_line    0x00000cf2      0x677 ./source/LPC55S69_Project_plss.o
 .debug_line    0x00001369       0x59 ./source/semihost_hardfault.o
 .debug_line    0x000013c2     0x17f4 ./drivers/fsl_clock.o
 .debug_line    0x00002bb6      0x40e ./drivers/fsl_common_arm.o
 .debug_line    0x00002fc4      0x641 ./drivers/fsl_flexcomm.o
 .debug_line    0x00003605      0x4f7 ./drivers/fsl_inputmux.o
 .debug_line    0x00003afc      0xdb3 ./drivers/fsl_pint.o
 .debug_line    0x000048af      0xf1e ./drivers/fsl_power.o
 .debug_line    0x000057cd      0x412 ./drivers/fsl_reset.o
 .debug_line    0x00005bdf      0x6d9 ./device/system_LPC55S69_cm33_core0.o
 .debug_line    0x000062b8      0x5fa ./board/board.o
 .debug_line    0x000068b2      0x512 ./board/clock_config.o
 .debug_line    0x00006dc4      0x42d ./board/peripherals.o
 .debug_line    0x000071f1      0x6f7 ./board/pin_mux.o
 .debug_line    0x000078e8       0xc4 C:/nxp/MCUXpressoIDE_11.10.0_3148/ide/plugins/com.nxp.mcuxpresso.tools.win32_11.10.0.202311280810/tools/bin/../lib/gcc/arm-none-eabi/13.2.1/../../../../arm-none-eabi/lib/thumb/v8-m.main+fp/hard\libcr_semihost_nf.a(_cr__main.o)
 .debug_line    0x000079ac       0x7b C:/nxp/MCUXpressoIDE_11.10.0_3148/ide/plugins/com.nxp.mcuxpresso.tools.win32_11.10.0.202311280810/tools/bin/../lib/gcc/arm-none-eabi/13.2.1/../../../../arm-none-eabi/lib/thumb/v8-m.main+fp/hard\libcr_c.a(memset.o)
 .debug_line    0x00007a27      0x37d C:/nxp/MCUXpressoIDE_11.10.0_3148/ide/plugins/com.nxp.mcuxpresso.tools.win32_11.10.0.202311280810/tools/bin/../lib/gcc/arm-none-eabi/13.2.1/../../../../arm-none-eabi/lib/thumb/v8-m.main+fp/hard\libcr_c.a(alloc.o)
 .debug_line    0x00007da4       0x4e C:/nxp/MCUXpressoIDE_11.10.0_3148/ide/plugins/com.nxp.mcuxpresso.tools.win32_11.10.0.202311280810/tools/bin/../lib/gcc/arm-none-eabi/13.2.1/../../../../arm-none-eabi/lib/thumb/v8-m.main+fp/hard\libcr_c.a(errno.o)
 .debug_line    0x00007df2      0x149 C:/nxp/MCUXpressoIDE_11.10.0_3148/ide/plugins/com.nxp.mcuxpresso.tools.win32_11.10.0.202311280810/tools/bin/../lib/gcc/arm-none-eabi/13.2.1/../../../../arm-none-eabi/lib/thumb/v8-m.main+fp/hard\libcr_c.a(initio.o)
 .debug_line    0x00007f3b     0x1071 C:/nxp/MCUXpressoIDE_11.10.0_3148/ide/plugins/com.nxp.mcuxpresso.tools.win32_11.10.0.202311280810/tools/bin/../lib/gcc/arm-none-eabi/13.2.1/../../../../arm-none-eabi/lib/thumb/v8-m.main+fp/hard\libcr_c.a(printf.o)
 .debug_line    0x00008fac       0xec C:/nxp/MCUXpressoIDE_11.10.0_3148/ide/plugins/com.nxp.mcuxpresso.tools.win32_11.10.0.202311280810/tools/bin/../lib/gcc/arm-none-eabi/13.2.1/../../../../arm-none-eabi/lib/thumb/v8-m.main+fp/hard\libcr_c.a(setvbuf.o)
 .debug_line    0x00009098      0x109 C:/nxp/MCUXpressoIDE_11.10.0_3148/ide/plugins/com.nxp.mcuxpresso.tools.win32_11.10.0.202311280810/tools/bin/../lib/gcc/arm-none-eabi/13.2.1/../../../../arm-none-eabi/lib/thumb/v8-m.main+fp/hard\libcr_c.a(strlen.o)
 .debug_line    0x000091a1       0x59 C:/nxp/MCUXpressoIDE_11.10.0_3148/ide/plugins/com.nxp.mcuxpresso.tools.win32_11.10.0.202311280810/tools/bin/../lib/gcc/arm-none-eabi/13.2.1/../../../../arm-none-eabi/lib/thumb/v8-m.main+fp/hard\libcr_c.a(__init_alloc.o)
 .debug_line    0x000091fa       0xfb C:/nxp/MCUXpressoIDE_11.10.0_3148/ide/plugins/com.nxp.mcuxpresso.tools.win32_11.10.0.202311280810/tools/bin/../lib/gcc/arm-none-eabi/13.2.1/../../../../arm-none-eabi/lib/thumb/v8-m.main+fp/hard\libcr_c.a(_cr_sbrk.o)
 .debug_line    0x000092f5      0x2e9 C:/nxp/MCUXpressoIDE_11.10.0_3148/ide/plugins/com.nxp.mcuxpresso.tools.win32_11.10.0.202311280810/tools/bin/../lib/gcc/arm-none-eabi/13.2.1/../../../../arm-none-eabi/lib/thumb/v8-m.main+fp/hard\libcr_c.a(_deferredlazyseek.o)
 .debug_line    0x000095de      0x11c C:/nxp/MCUXpressoIDE_11.10.0_3148/ide/plugins/com.nxp.mcuxpresso.tools.win32_11.10.0.202311280810/tools/bin/../lib/gcc/arm-none-eabi/13.2.1/../../../../arm-none-eabi/lib/thumb/v8-m.main+fp/hard\libcr_c.a(_fdopen.o)
 .debug_line    0x000096fa      0x11f C:/nxp/MCUXpressoIDE_11.10.0_3148/ide/plugins/com.nxp.mcuxpresso.tools.win32_11.10.0.202311280810/tools/bin/../lib/gcc/arm-none-eabi/13.2.1/../../../../arm-none-eabi/lib/thumb/v8-m.main+fp/hard\libcr_c.a(_fflush.o)
 .debug_line    0x00009819      0x12d C:/nxp/MCUXpressoIDE_11.10.0_3148/ide/plugins/com.nxp.mcuxpresso.tools.win32_11.10.0.202311280810/tools/bin/../lib/gcc/arm-none-eabi/13.2.1/../../../../arm-none-eabi/lib/thumb/v8-m.main+fp/hard\libcr_c.a(_writebuf.o)
 .debug_line    0x00009946      0x10f C:/nxp/MCUXpressoIDE_11.10.0_3148/ide/plugins/com.nxp.mcuxpresso.tools.win32_11.10.0.202311280810/tools/bin/../lib/gcc/arm-none-eabi/13.2.1/../../../../arm-none-eabi/lib/thumb/v8-m.main+fp/hard\libcr_c.a(fclose.o)
 .debug_line    0x00009a55       0xe1 C:/nxp/MCUXpressoIDE_11.10.0_3148/ide/plugins/com.nxp.mcuxpresso.tools.win32_11.10.0.202311280810/tools/bin/../lib/gcc/arm-none-eabi/13.2.1/../../../../arm-none-eabi/lib/thumb/v8-m.main+fp/hard\libcr_c.a(fflush.o)
 .debug_line    0x00009b36      0x232 C:/nxp/MCUXpressoIDE_11.10.0_3148/ide/plugins/com.nxp.mcuxpresso.tools.win32_11.10.0.202311280810/tools/bin/../lib/gcc/arm-none-eabi/13.2.1/../../../../arm-none-eabi/lib/thumb/v8-m.main+fp/hard\libcr_c.a(fseek.o)
 .debug_line    0x00009d68      0x10a C:/nxp/MCUXpressoIDE_11.10.0_3148/ide/plugins/com.nxp.mcuxpresso.tools.win32_11.10.0.202311280810/tools/bin/../lib/gcc/arm-none-eabi/13.2.1/../../../../arm-none-eabi/lib/thumb/v8-m.main+fp/hard\libcr_c.a(ftell.o)