C:\Users\spenz\Documents\MCUXpressoIDE_11.10.0_3148\workspace\LPC55S69_Project_plss\CMSIS/core_cm33.h:2390:22:__NVIC_EnableIRQ	16	static
C:\Users\spenz\Documents\MCUXpressoIDE_11.10.0_3148\workspace\LPC55S69_Project_plss\CMSIS/core_cm33.h:2428:22:__NVIC_DisableIRQ	16	static
C:\Users\spenz\Documents\MCUXpressoIDE_11.10.0_3148\workspace\LPC55S69_Project_plss\CMSIS/core_cm33.h:2481:22:__NVIC_ClearPendingIRQ	16	static
../drivers/fsl_clock.h:983:20:CLOCK_EnableClock	24	static
../drivers/fsl_clock.h:993:20:CLOCK_DisableClock	24	static
../drivers/fsl_reset.h:306:20:RESET_ReleasePeripheralReset	16	static
../drivers/fsl_common_arm.h:570:24:EnableIRQ	24	static
../drivers/fsl_common_arm.h:614:24:DisableIRQ	24	static
../drivers/fsl_pint.h:274:20:PINT_PinInterruptClrFallFlag	16	static
../drivers/fsl_pint.h:333:20:PINT_PinInterruptClrRiseFlag	16	static
../drivers/fsl_pint.h:433:24:PINT_PatternMatchGetStatusAll	16	static
../drivers/fsl_pint.c:70:17:PINT_GetInstance	24	static
../drivers/fsl_pint.c:95:6:PINT_Init	32	static
../drivers/fsl_pint.c:203:6:PINT_PinInterruptConfig	32	static
../drivers/fsl_pint.c:261:6:PINT_PinInterruptGetConfig	40	static
../drivers/fsl_pint.c:340:6:PINT_PatternMatchConfig	48	static
../drivers/fsl_pint.c:406:6:PINT_PatternMatchGetConfig	48	static
../drivers/fsl_pint.c:459:10:PINT_PatternMatchResetDetectLogic	32	static
../drivers/fsl_pint.c:486:6:PINT_PinInterruptClrStatus	24	static
../drivers/fsl_pint.c:507:6:PINT_PinInterruptClrStatusAll	40	static
../drivers/fsl_pint.c:552:6:PINT_EnableCallback	24	static
../drivers/fsl_pint.c:600:6:PINT_EnableCallbackByIndex	16	static
../drivers/fsl_pint.c:634:6:PINT_DisableCallback	24	static
../drivers/fsl_pint.c:682:6:PINT_DisableCallbackByIndex	24	static
../drivers/fsl_pint.c:719:6:PINT_Deinit	24	static
../drivers/fsl_pint.c:792:6:SEC_GPIO_INT0_IRQ0_DriverIRQHandler	16	static
../drivers/fsl_pint.c:815:6:SEC_GPIO_INT0_IRQ1_DriverIRQHandler	16	static
../drivers/fsl_pint.c:838:6:PINT0_DriverIRQHandler	32	static
../drivers/fsl_pint.c:867:6:PIN_INT0_DriverIRQHandler	16	static
../drivers/fsl_pint.c:888:6:PIN_INT1_DriverIRQHandler	16	static
../drivers/fsl_pint.c:910:6:PIN_INT2_DriverIRQHandler	16	static
../drivers/fsl_pint.c:932:6:PIN_INT3_DriverIRQHandler	16	static
../drivers/fsl_pint.c:954:6:PIN_INT4_DriverIRQHandler	16	static
../drivers/fsl_pint.c:980:6:PIN_INT5_DriverIRQHandler	16	static
../drivers/fsl_pint.c:1007:6:PIN_INT6_DriverIRQHandler	16	static
../drivers/fsl_pint.c:1034:6:PIN_INT7_DriverIRQHandler	16	static
