17:21:09 **** Incremental Build of configuration Debug for project LPC55S69_Project_pls ****
make -r -j8 all 
make[1]: Nothing to be done for 'main-build'.
Performing post-build steps
arm-none-eabi-size "LPC55S69_Project_pls.axf"; # arm-none-eabi-objcopy -v -O binary "LPC55S69_Project_pls.axf" "LPC55S69_Project_pls.bin" ; # checksum -p LPC55S69 -d "LPC55S69_Project_pls.bin";
   text	   data	    bss	    dec	    hex	filename
  12956	      8	   8504	  21468	   53dc	LPC55S69_Project_pls.axf
 

17:21:09 Build Finished. 0 errors, 0 warnings. (took 259ms)

