10:07:13 **** Incremental Build of configuration Debug for project LPC55S69_Project_lab1 ****
make -r -j8 all 
make[1]: Nothing to be done for 'main-build'.
Performing post-build steps
arm-none-eabi-size "LPC55S69_Project_lab1.axf"; # arm-none-eabi-objcopy -v -O binary "LPC55S69_Project_lab1.axf" "LPC55S69_Project_lab1.bin" ; # checksum -p LPC55S69 -d "LPC55S69_Project_lab1.bin";
   text	   data	    bss	    dec	    hex	filename
  12816	      8	   8504	  21328	   5350	LPC55S69_Project_lab1.axf
 

10:07:14 Build Finished. 0 errors, 0 warnings. (took 279ms)

