17:42:26 **** Incremental Build of configuration Debug for project LPC55S69_Project_plss ****
make -r -j8 all 
Building file: ../source/LPC55S69_Project_plss.c
Invoking: MCU C Compiler
arm-none-eabi-gcc -DCPU_LPC55S69JBD100 -DCPU_LPC55S69JBD100_cm33 -DCPU_LPC55S69JBD100_cm33_core0 -DSDK_OS_BAREMETAL -DSERIAL_PORT_TYPE_UART=1 -DSDK_DEBUGCONSOLE=0 -DCR_INTEGER_PRINTF -DPRINTF_FLOAT_ENABLE=0 -D__MCUXPRESSO -D__USE_CMSIS -DDEBUG -D__REDLIB__ -I"C:\Users\spenz\Documents\MCUXpressoIDE_11.10.0_3148\workspace\LPC55S69_Project_plss\board" -I"C:\Users\spenz\Documents\MCUXpressoIDE_11.10.0_3148\workspace\LPC55S69_Project_plss\source" -I"C:\Users\spenz\Documents\MCUXpressoIDE_11.10.0_3148\workspace\LPC55S69_Project_plss\utilities" -I"C:\Users\spenz\Documents\MCUXpressoIDE_11.10.0_3148\workspace\LPC55S69_Project_plss\drivers" -I"C:\Users\spenz\Documents\MCUXpressoIDE_11.10.0_3148\workspace\LPC55S69_Project_plss\component\uart" -I"C:\Users\spenz\Documents\MCUXpressoIDE_11.10.0_3148\workspace\LPC55S69_Project_plss\component\serial_manager" -I"C:\Users\spenz\Documents\MCUXpressoIDE_11.10.0_3148\workspace\LPC55S69_Project_plss\device" -I"C:\Users\spenz\Documents\MCUXpressoIDE_11.10.0_3148\workspace\LPC55S69_Project_plss\CMSIS" -I"C:\Users\spenz\Documents\MCUXpressoIDE_11.10.0_3148\workspace\LPC55S69_Project_plss\component\lists" -I"C:\Users\spenz\Documents\MCUXpressoIDE_11.10.0_3148\workspace\LPC55S69_Project_plss\startup" -O0 -fno-common -g3 -gdwarf-4 -Wall -c -ffunction-sections -fdata-sections -fno-builtin -fmerge-constants -fmacro-prefix-map="../source/"= -mcpu=cortex-m33 -mfpu=fpv5-sp-d16 -mfloat-abi=hard -mthumb -D__REDLIB__ -fstack-usage -specs=redlib.specs -MMD -MP -MF"source/LPC55S69_Project_plss.d" -MT"source/LPC55S69_Project_plss.o" -MT"source/LPC55S69_Project_plss.d" -o "source/LPC55S69_Project_plss.o" "../source/LPC55S69_Project_plss.c"
Finished building: ../source/LPC55S69_Project_plss.c
 
Building target: LPC55S69_Project_plss.axf
Invoking: MCU Linker
arm-none-eabi-gcc -nostdlib -Xlinker -Map="LPC55S69_Project_plss.map" -Xlinker --gc-sections -Xlinker -print-memory-usage -Xlinker --sort-section=alignment -Xlinker --cref -mcpu=cortex-m33 -mfpu=fpv5-sp-d16 -mfloat-abi=hard -mthumb -T LPC55S69_Project_plss_Debug.ld -o "LPC55S69_Project_plss.axf" ./utilities/fsl_assert.o ./utilities/fsl_debug_console.o ./utilities/fsl_str.o  ./startup/boot_multicore_slave.o ./startup/startup_lpc55s69_cm33_core0.o  ./source/LPC55S69_Project_plss.o ./source/semihost_hardfault.o  ./drivers/fsl_clock.o ./drivers/fsl_common.o ./drivers/fsl_common_arm.o ./drivers/fsl_flexcomm.o ./drivers/fsl_gpio.o ./drivers/fsl_i2c.o ./drivers/fsl_inputmux.o ./drivers/fsl_pint.o ./drivers/fsl_power.o ./drivers/fsl_reset.o ./drivers/fsl_usart.o  ./device/system_LPC55S69_cm33_core0.o  ./component/uart/fsl_adapter_usart.o  ./component/serial_manager/fsl_component_serial_manager.o ./component/serial_manager/fsl_component_serial_port_uart.o  ./component/lists/fsl_component_generic_list.o  ./board/board.o ./board/clock_config.o ./board/peripherals.o ./board/pin_mux.o   
Memory region         Used Size  Region Size  %age Used
   PROGRAM_FLASH:       14348 B       630 KB      2.22%
            SRAM:        8512 B       256 KB      3.25%
           SRAMX:          0 GB        32 KB      0.00%
         USB_RAM:          0 GB        16 KB      0.00%
           SRAM4:          0 GB        16 KB      0.00%
Finished building target: LPC55S69_Project_plss.axf
 
Performing post-build steps
arm-none-eabi-size "LPC55S69_Project_plss.axf"; # arm-none-eabi-objcopy -v -O binary "LPC55S69_Project_plss.axf" "LPC55S69_Project_plss.bin" ; # checksum -p LPC55S69 -d "LPC55S69_Project_plss.bin";
   text	   data	    bss	    dec	    hex	filename
  14340	      8	   8504	  22852	   5944	LPC55S69_Project_plss.axf
 

17:42:27 Build Finished. 0 errors, 0 warnings. (took 916ms)

